Archive member included because of file (symbol)

d:/programowaniearm/codesourcery/sourcery g++ lite/bin/../lib/gcc/arm-none-eabi/4.5.2/../../../../arm-none-eabi/lib/thumb2\libm.a(lib_a-w_sqrt.o)
                              ./main.o (sqrt)
d:/programowaniearm/codesourcery/sourcery g++ lite/bin/../lib/gcc/arm-none-eabi/4.5.2/../../../../arm-none-eabi/lib/thumb2\libm.a(lib_a-e_sqrt.o)
                              d:/programowaniearm/codesourcery/sourcery g++ lite/bin/../lib/gcc/arm-none-eabi/4.5.2/../../../../arm-none-eabi/lib/thumb2\libm.a(lib_a-w_sqrt.o) (__ieee754_sqrt)
d:/programowaniearm/codesourcery/sourcery g++ lite/bin/../lib/gcc/arm-none-eabi/4.5.2/../../../../arm-none-eabi/lib/thumb2\libm.a(lib_a-s_fpclassify.o)
                              d:/programowaniearm/codesourcery/sourcery g++ lite/bin/../lib/gcc/arm-none-eabi/4.5.2/../../../../arm-none-eabi/lib/thumb2\libm.a(lib_a-w_sqrt.o) (__fpclassifyd)
d:/programowaniearm/codesourcery/sourcery g++ lite/bin/../lib/gcc/arm-none-eabi/4.5.2/../../../../arm-none-eabi/lib/thumb2\libm.a(lib_a-s_lib_ver.o)
                              d:/programowaniearm/codesourcery/sourcery g++ lite/bin/../lib/gcc/arm-none-eabi/4.5.2/../../../../arm-none-eabi/lib/thumb2\libm.a(lib_a-w_sqrt.o) (__fdlib_version)
d:/programowaniearm/codesourcery/sourcery g++ lite/bin/../lib/gcc/arm-none-eabi/4.5.2/../../../../arm-none-eabi/lib/thumb2\libm.a(lib_a-s_matherr.o)
                              d:/programowaniearm/codesourcery/sourcery g++ lite/bin/../lib/gcc/arm-none-eabi/4.5.2/../../../../arm-none-eabi/lib/thumb2\libm.a(lib_a-w_sqrt.o) (matherr)
d:/programowaniearm/codesourcery/sourcery g++ lite/bin/../lib/gcc/arm-none-eabi/4.5.2/thumb2\libgcc.a(_arm_addsubdf3.o)
                              d:/programowaniearm/codesourcery/sourcery g++ lite/bin/../lib/gcc/arm-none-eabi/4.5.2/../../../../arm-none-eabi/lib/thumb2\libm.a(lib_a-e_sqrt.o) (__aeabi_dsub)
d:/programowaniearm/codesourcery/sourcery g++ lite/bin/../lib/gcc/arm-none-eabi/4.5.2/thumb2\libgcc.a(_arm_muldivdf3.o)
                              ./ObslugaPrzerwan.o (__aeabi_dmul)
d:/programowaniearm/codesourcery/sourcery g++ lite/bin/../lib/gcc/arm-none-eabi/4.5.2/thumb2\libgcc.a(_arm_cmpdf2.o)
                              d:/programowaniearm/codesourcery/sourcery g++ lite/bin/../lib/gcc/arm-none-eabi/4.5.2/../../../../arm-none-eabi/lib/thumb2\libm.a(lib_a-w_sqrt.o) (__aeabi_dcmplt)
d:/programowaniearm/codesourcery/sourcery g++ lite/bin/../lib/gcc/arm-none-eabi/4.5.2/thumb2\libgcc.a(_arm_truncdfsf2.o)
                              ./ObslugaPrzerwan.o (__aeabi_d2f)
d:/programowaniearm/codesourcery/sourcery g++ lite/bin/../lib/gcc/arm-none-eabi/4.5.2/thumb2\libgcc.a(_arm_addsubsf3.o)
                              ./Filtry.o (__aeabi_fsub)
d:/programowaniearm/codesourcery/sourcery g++ lite/bin/../lib/gcc/arm-none-eabi/4.5.2/thumb2\libgcc.a(_arm_muldivsf3.o)
                              ./Filtry.o (__aeabi_fmul)
d:/programowaniearm/codesourcery/sourcery g++ lite/bin/../lib/gcc/arm-none-eabi/4.5.2/thumb2\libgcc.a(_arm_cmpsf2.o)
                              ./main.o (__aeabi_fcmpeq)
d:/programowaniearm/codesourcery/sourcery g++ lite/bin/../lib/gcc/arm-none-eabi/4.5.2/thumb2\libgcc.a(_arm_fixunssfsi.o)
                              ./main.o (__aeabi_f2uiz)
d:/programowaniearm/codesourcery/sourcery g++ lite/bin/../lib/gcc/arm-none-eabi/4.5.2/../../../../arm-none-eabi/lib/thumb2\libc.a(lib_a-errno.o)
                              d:/programowaniearm/codesourcery/sourcery g++ lite/bin/../lib/gcc/arm-none-eabi/4.5.2/../../../../arm-none-eabi/lib/thumb2\libm.a(lib_a-w_sqrt.o) (__errno)
d:/programowaniearm/codesourcery/sourcery g++ lite/bin/../lib/gcc/arm-none-eabi/4.5.2/../../../../arm-none-eabi/lib/thumb2\libc.a(lib_a-impure.o)
                              d:/programowaniearm/codesourcery/sourcery g++ lite/bin/../lib/gcc/arm-none-eabi/4.5.2/../../../../arm-none-eabi/lib/thumb2\libc.a(lib_a-errno.o) (_impure_ptr)

Allocating common symbols
Common symbol       size              file

y_pass              0x6c              ./Filtry.o
TimeTick            0x4               ./main.o
LicznikProbek       0x4               ./main.o
x_pass              0x6c              ./Filtry.o
x_notch             0xc               ./Filtry.o
val                 0x4               ./main.o
y_notch             0xc               ./Filtry.o
TxBuffer            0x1e              ./main.o
RMS                 0x4               ./main.o

Discarded input sections

 .text          0x00000000        0x0 d:/programowaniearm/codesourcery/sourcery g++ lite/bin/../lib/gcc/arm-none-eabi/4.5.2/thumb2/crti.o
 .data          0x00000000        0x0 d:/programowaniearm/codesourcery/sourcery g++ lite/bin/../lib/gcc/arm-none-eabi/4.5.2/thumb2/crti.o
 .bss           0x00000000        0x0 d:/programowaniearm/codesourcery/sourcery g++ lite/bin/../lib/gcc/arm-none-eabi/4.5.2/thumb2/crti.o
[...]
Memory Configuration

Name             Origin             Length             Attributes
rom              0x08000000         0x00020000         xr
ram              0x20000000         0x00005000         xrw
*default*        0x00000000         0xffffffff

Linker script and memory map

LOAD d:/programowaniearm/codesourcery/sourcery g++ lite/bin/../lib/gcc/arm-none-eabi/4.5.2/thumb2/crti.o
LOAD d:/programowaniearm/codesourcery/sourcery g++ lite/bin/../lib/gcc/arm-none-eabi/4.5.2/thumb2/crtbegin.o
LOAD ./Filtry.o
LOAD ./Init.o
LOAD ./ObslugaPrzerwan.o
LOAD ./main.o
LOAD ./Setup/startup.o
LOAD ./Setup/vectors.o
LOAD ./Libraries/STM32F10x_StdPeriph_Driver/src/misc.o
LOAD ./Libraries/STM32F10x_StdPeriph_Driver/src/stm32f10x_adc.o
LOAD ./Libraries/STM32F10x_StdPeriph_Driver/src/stm32f10x_bkp.o
LOAD ./Libraries/STM32F10x_StdPeriph_Driver/src/stm32f10x_can.o
LOAD ./Libraries/STM32F10x_StdPeriph_Driver/src/stm32f10x_cec.o
LOAD ./Libraries/STM32F10x_StdPeriph_Driver/src/stm32f10x_crc.o
LOAD ./Libraries/STM32F10x_StdPeriph_Driver/src/stm32f10x_dac.o
LOAD ./Libraries/STM32F10x_StdPeriph_Driver/src/stm32f10x_dbgmcu.o
LOAD ./Libraries/STM32F10x_StdPeriph_Driver/src/stm32f10x_dma.o
LOAD ./Libraries/STM32F10x_StdPeriph_Driver/src/stm32f10x_exti.o
LOAD ./Libraries/STM32F10x_StdPeriph_Driver/src/stm32f10x_flash.o
LOAD ./Libraries/STM32F10x_StdPeriph_Driver/src/stm32f10x_fsmc.o
LOAD ./Libraries/STM32F10x_StdPeriph_Driver/src/stm32f10x_gpio.o
LOAD ./Libraries/STM32F10x_StdPeriph_Driver/src/stm32f10x_i2c.o
LOAD ./Libraries/STM32F10x_StdPeriph_Driver/src/stm32f10x_iwdg.o
LOAD ./Libraries/STM32F10x_StdPeriph_Driver/src/stm32f10x_pwr.o
LOAD ./Libraries/STM32F10x_StdPeriph_Driver/src/stm32f10x_rcc.o
LOAD ./Libraries/STM32F10x_StdPeriph_Driver/src/stm32f10x_rtc.o
LOAD ./Libraries/STM32F10x_StdPeriph_Driver/src/stm32f10x_sdio.o
LOAD ./Libraries/STM32F10x_StdPeriph_Driver/src/stm32f10x_spi.o
LOAD ./Libraries/STM32F10x_StdPeriph_Driver/src/stm32f10x_tim.o
LOAD ./Libraries/STM32F10x_StdPeriph_Driver/src/stm32f10x_usart.o
LOAD ./Libraries/STM32F10x_StdPeriph_Driver/src/stm32f10x_wwdg.o
LOAD ./Libraries/CMSIS/CM3/DeviceSupport/ST/STM32F10x/system_stm32f10x.o
LOAD ./Libraries/CMSIS/CM3/CoreSupport/core_cm3.o
LOAD d:/programowaniearm/codesourcery/sourcery g++ lite/bin/../lib/gcc/arm-none-eabi/4.5.2/../../../../arm-none-eabi/lib/thumb2\libstdc++.a
LOAD d:/programowaniearm/codesourcery/sourcery g++ lite/bin/../lib/gcc/arm-none-eabi/4.5.2/../../../../arm-none-eabi/lib/thumb2\libm.a
START GROUP
LOAD d:/programowaniearm/codesourcery/sourcery g++ lite/bin/../lib/gcc/arm-none-eabi/4.5.2/thumb2\libgcc.a
LOAD d:/programowaniearm/codesourcery/sourcery g++ lite/bin/../lib/gcc/arm-none-eabi/4.5.2/../../../../arm-none-eabi/lib/thumb2\libc.a
END GROUP
LOAD d:/programowaniearm/codesourcery/sourcery g++ lite/bin/../lib/gcc/arm-none-eabi/4.5.2/thumb2/crtend.o
LOAD d:/programowaniearm/codesourcery/sourcery g++ lite/bin/../lib/gcc/arm-none-eabi/4.5.2/thumb2/crtn.o
                0x00000400                __main_stack_size = 0x400
                0x00000400                __process_stack_size = 0x400
                [0x00000400]                PROVIDE (__main_stack_size, __main_stack_size)
                [0x00000400]                PROVIDE (__process_stack_size, __process_stack_size)
                0x08000000                __rom_start = 0x8000000
                0x00020000                __rom_size = 0x20000
                0x08020000                __rom_end = (__rom_start + __rom_size)
                0x20000000                __ram_start = 0x20000000
                0x00005000                __ram_size = 0x5000
                0x20005000                __ram_end = (__ram_start + __ram_size)
                [0x08000000]                PROVIDE (__rom_start, __rom_start)
                [0x00020000]                PROVIDE (__rom_size, __rom_size)
                [0x08020000]                PROVIDE (__rom_end, __rom_end)
                [0x20000000]                PROVIDE (__ram_start, __ram_start)
                [0x00005000]                PROVIDE (__ram_size, __ram_size)
                [0x20005000]                PROVIDE (__ram_end, __ram_end)

.text           0x08000000     0x3734
                0x08000000                __text_start = .
                [0x08000000]                PROVIDE (__text_start, __text_start)
 *(.vectors)
 .vectors       0x08000000      0x130 ./Setup/vectors.o
                0x08000000                vectors
                0x08000130                . = ALIGN (0x4)
 *(.text .text.* .gnu.linkonce.t.*)
 .text          0x08000130       0x30 d:/programowaniearm/codesourcery/sourcery g++ lite/bin/../lib/gcc/arm-none-eabi/4.5.2/thumb2/crtbegin.o
 .text.Notching
                0x08000160      0x108 ./Filtry.o
                0x08000160                Notching
 .text.HighPass
                0x08000268      0x224 ./Filtry.o
                0x08000268                HighPass
 .text.RCC_On   0x0800048c       0xc0 ./Init.o
                0x0800048c                RCC_On
 .text.GPIO_init
                0x0800054c       0x60 ./Init.o
                0x0800054c                GPIO_init
 .text.USART_init
                0x080005ac       0x88 ./Init.o
                0x080005ac                USART_init
 .text.Timer_init
                0x08000634       0x5c ./Init.o
                0x08000634                Timer_init
 .text.DMA_init
                0x08000690       0xec ./Init.o
                0x08000690                DMA_init
 .text.ADC_init
                0x0800077c       0x54 ./Init.o
                0x0800077c                ADC_init
 .text.USART1_IRQHandler
                0x080007d0       0x20 ./ObslugaPrzerwan.o
                0x080007d0                USART1_IRQHandler
 .text.TIM1_CC_IRQHandler
                0x080007f0       0x24 ./ObslugaPrzerwan.o
                0x080007f0                TIM1_CC_IRQHandler
 *fill*         0x08000814        0x4 00
 .text.DMA1_Channel1_IRQHandler
                0x08000818       0xb0 ./ObslugaPrzerwan.o
                0x08000818                DMA1_Channel1_IRQHandler
 .text.DMA1_Channel4_IRQHandler
                0x080008c8       0x84 ./ObslugaPrzerwan.o
                0x080008c8                DMA1_Channel4_IRQHandler
 .text.NVIC_Configuration
                0x0800094c       0x50 ./main.o
                0x0800094c                NVIC_Configuration
 .text.main     0x0800099c      0x218 ./main.o
                0x0800099c                main
 .text          0x08000bb4       0x54 ./Setup/startup.o
                0x08000bb4                Reset_Handler
 .text.__Default_Handler
                0x08000c08       0x10 ./Setup/vectors.o
                0x08000c08                EXTI2_IRQHandler
                0x08000c08                TIM8_TRG_COM_IRQHandler
                0x08000c08                TIM8_CC_IRQHandler
                0x08000c08                DebugMon_Handler
                0x08000c08                HardFault_Handler
                0x08000c08                TIM6_IRQHandler
                0x08000c08                SysTick_Handler
                0x08000c08                PVD_IRQHandler
                0x08000c08                SDIO_IRQHandler
                0x08000c08                __Reserved_0x1C_Handler
                0x08000c08                PendSV_Handler
                0x08000c08                NMI_Handler
                0x08000c08                EXTI3_IRQHandler
                0x08000c08                __Reserved_0x20_Handler
                0x08000c08                USB_HP_CAN_TX_IRQHandler
                0x08000c08                EXTI0_IRQHandler
                0x08000c08                I2C2_EV_IRQHandler
                0x08000c08                UsageFault_Handler
                0x08000c08                ADC1_2_IRQHandler
                0x08000c08                SPI1_IRQHandler
                0x08000c08                USART5_IRQHandler
                0x08000c08                CAN_SCE_IRQHandler
                0x08000c08                TAMPER_IRQHandler
                0x08000c08                TIM8_UP_IRQHandler
                0x08000c08                DMA2_Channel2_IRQHandler
                0x08000c08                USART3_IRQHandler
                0x08000c08                RTC_IRQHandler
                0x08000c08                DMA1_Channel7_IRQHandler
                0x08000c08                ADC3_IRQHandler
                0x08000c08                USBWakeup_IRQHandler
                0x08000c08                TIM4_IRQHandler
                0x08000c08                CAN_RX1_IRQHandler
                0x08000c08                DMA2_Channel1_IRQHandler
                0x08000c08                __Reserved_0x34_Handler
                0x08000c08                I2C1_EV_IRQHandler
                0x08000c08                USART4_IRQHandler
                0x08000c08                DMA1_Channel6_IRQHandler
                0x08000c08                TIM3_IRQHandler
                0x08000c08                RCC_IRQHandler
                0x08000c08                TIM1_TRG_COM_IRQHandler
                0x08000c08                EXTI15_10_IRQHandler
                0x08000c08                TIM7_IRQHandler
                0x08000c08                TIM5_IRQHandler
                0x08000c08                __Reserved_0x28_Handler
                0x08000c08                EXTI9_5_IRQHandler
                0x08000c08                SPI2_IRQHandler
                0x08000c08                USB_LP_CAN_RX0_IRQHandler
                0x08000c08                MemManage_Handler
                0x08000c08                __Reserved_0x24_Handler
                0x08000c08                SVC_Handler
                0x08000c08                DMA1_Channel5_IRQHandler
                0x08000c08                EXTI4_IRQHandler
                0x08000c08                DMA1_Channel3_IRQHandler
                0x08000c08                FSMC_IRQHandler
                0x08000c08                TIM1_UP_IRQHandler
                0x08000c08                WWDG_IRQHandler
                0x08000c08                TIM2_IRQHandler
                0x08000c08                TIM1_BRK_IRQHandler
                0x08000c08                EXTI1_IRQHandler
                0x08000c08                RTCAlarm_IRQHandler
                0x08000c08                DMA2_Channel4_5_IRQHandler
                0x08000c08                USART2_IRQHandler
                0x08000c08                I2C2_ER_IRQHandler
                0x08000c08                DMA1_Channel2_IRQHandler
                0x08000c08                TIM8_BRK_IRQHandler
                0x08000c08                FLASH_IRQHandler
                0x08000c08                BusFault_Handler
                0x08000c08                SPI3_IRQHandler
                0x08000c08                I2C1_ER_IRQHandler
                0x08000c08                DMA2_Channel3_IRQHandler
 .text.NVIC_Init
                0x08000c18       0xd8 ./Libraries/STM32F10x_StdPeriph_Driver/src/misc.o
                0x08000c18                NVIC_Init
 .text.ADC_Init
                0x08000cf0       0xbc ./Libraries/STM32F10x_StdPeriph_Driver/src/stm32f10x_adc.o
                0x08000cf0                ADC_Init
 .text.ADC_Cmd  0x08000dac       0x38 ./Libraries/STM32F10x_StdPeriph_Driver/src/stm32f10x_adc.o
                0x08000dac                ADC_Cmd
 .text.ADC_DMACmd
                0x08000de4       0x38 ./Libraries/STM32F10x_StdPeriph_Driver/src/stm32f10x_adc.o
                0x08000de4                ADC_DMACmd
 .text.ADC_ResetCalibration
                0x08000e1c       0x20 ./Libraries/STM32F10x_StdPeriph_Driver/src/stm32f10x_adc.o
                0x08000e1c                ADC_ResetCalibration
 .text.ADC_GetResetCalibrationStatus
                0x08000e3c       0x38 ./Libraries/STM32F10x_StdPeriph_Driver/src/stm32f10x_adc.o
                0x08000e3c                ADC_GetResetCalibrationStatus
 .text.ADC_StartCalibration
                0x08000e74       0x20 ./Libraries/STM32F10x_StdPeriph_Driver/src/stm32f10x_adc.o
                0x08000e74                ADC_StartCalibration
 .text.ADC_GetCalibrationStatus
                0x08000e94       0x38 ./Libraries/STM32F10x_StdPeriph_Driver/src/stm32f10x_adc.o
                0x08000e94                ADC_GetCalibrationStatus
 .text.ADC_RegularChannelConfig
                0x08000ecc      0x1d0 ./Libraries/STM32F10x_StdPeriph_Driver/src/stm32f10x_adc.o
                0x08000ecc                ADC_RegularChannelConfig
 .text.ADC_ExternalTrigConvCmd
                0x0800109c       0x38 ./Libraries/STM32F10x_StdPeriph_Driver/src/stm32f10x_adc.o
                0x0800109c                ADC_ExternalTrigConvCmd
 .text.DMA_DeInit
                0x080010d4      0x180 ./Libraries/STM32F10x_StdPeriph_Driver/src/stm32f10x_dma.o
                0x080010d4                DMA_DeInit
 .text.DMA_Init
                0x08001254       0x84 ./Libraries/STM32F10x_StdPeriph_Driver/src/stm32f10x_dma.o
                0x08001254                DMA_Init
 .text.DMA_Cmd  0x080012d8       0x3c ./Libraries/STM32F10x_StdPeriph_Driver/src/stm32f10x_dma.o
                0x080012d8                DMA_Cmd
 .text.DMA_ITConfig
                0x08001314       0x3c ./Libraries/STM32F10x_StdPeriph_Driver/src/stm32f10x_dma.o
                0x08001314                DMA_ITConfig
 .text.DMA_ClearFlag
                0x08001350       0x34 ./Libraries/STM32F10x_StdPeriph_Driver/src/stm32f10x_dma.o
                0x08001350                DMA_ClearFlag
 .text.DMA_GetITStatus
                0x08001384       0x5c ./Libraries/STM32F10x_StdPeriph_Driver/src/stm32f10x_dma.o
                0x08001384                DMA_GetITStatus
 .text.DMA_ClearITPendingBit
                0x080013e0       0x34 ./Libraries/STM32F10x_StdPeriph_Driver/src/stm32f10x_dma.o
                0x080013e0                DMA_ClearITPendingBit
 .text.FLASH_SetLatency
                0x08001414       0x3c ./Libraries/STM32F10x_StdPeriph_Driver/src/stm32f10x_flash.o
                0x08001414                FLASH_SetLatency
 .text.FLASH_PrefetchBufferCmd
                0x08001450       0x30 ./Libraries/STM32F10x_StdPeriph_Driver/src/stm32f10x_flash.o
                0x08001450                FLASH_PrefetchBufferCmd
 .text.GPIO_Init
                0x08001480      0x1c0 ./Libraries/STM32F10x_StdPeriph_Driver/src/stm32f10x_gpio.o
                0x08001480                GPIO_Init
 .text.GPIO_ResetBits
                0x08001640       0x1c ./Libraries/STM32F10x_StdPeriph_Driver/src/stm32f10x_gpio.o
                0x08001640                GPIO_ResetBits
 .text.GPIO_PinRemapConfig
                0x0800165c      0x104 ./Libraries/STM32F10x_StdPeriph_Driver/src/stm32f10x_gpio.o
                0x0800165c                GPIO_PinRemapConfig
 .text.RCC_DeInit
                0x08001760       0x70 ./Libraries/STM32F10x_StdPeriph_Driver/src/stm32f10x_rcc.o
                0x08001760                RCC_DeInit
 .text.RCC_HSEConfig
                0x080017d0       0x5c ./Libraries/STM32F10x_StdPeriph_Driver/src/stm32f10x_rcc.o
                0x080017d0                RCC_HSEConfig
 .text.RCC_WaitForHSEStartUp
                0x0800182c       0x64 ./Libraries/STM32F10x_StdPeriph_Driver/src/stm32f10x_rcc.o
                0x0800182c                RCC_WaitForHSEStartUp
 .text.RCC_PLLConfig
                0x08001890       0x44 ./Libraries/STM32F10x_StdPeriph_Driver/src/stm32f10x_rcc.o
                0x08001890                RCC_PLLConfig
 .text.RCC_PLLCmd
                0x080018d4       0x20 ./Libraries/STM32F10x_StdPeriph_Driver/src/stm32f10x_rcc.o
                0x080018d4                RCC_PLLCmd
 .text.RCC_SYSCLKConfig
                0x080018f4       0x3c ./Libraries/STM32F10x_StdPeriph_Driver/src/stm32f10x_rcc.o
                0x080018f4                RCC_SYSCLKConfig
 .text.RCC_GetSYSCLKSource
                0x08001930       0x1c ./Libraries/STM32F10x_StdPeriph_Driver/src/stm32f10x_rcc.o
                0x08001930                RCC_GetSYSCLKSource
 .text.RCC_HCLKConfig
                0x0800194c       0x3c ./Libraries/STM32F10x_StdPeriph_Driver/src/stm32f10x_rcc.o
                0x0800194c                RCC_HCLKConfig
 .text.RCC_PCLK1Config
                0x08001988       0x3c ./Libraries/STM32F10x_StdPeriph_Driver/src/stm32f10x_rcc.o
                0x08001988                RCC_PCLK1Config
 .text.RCC_PCLK2Config
                0x080019c4       0x40 ./Libraries/STM32F10x_StdPeriph_Driver/src/stm32f10x_rcc.o
                0x080019c4                RCC_PCLK2Config
 .text.RCC_ADCCLKConfig
                0x08001a04       0x3c ./Libraries/STM32F10x_StdPeriph_Driver/src/stm32f10x_rcc.o
                0x08001a04                RCC_ADCCLKConfig
 .text.RCC_GetClocksFreq
                0x08001a40      0x1f8 ./Libraries/STM32F10x_StdPeriph_Driver/src/stm32f10x_rcc.o
                0x08001a40                RCC_GetClocksFreq
 .text.RCC_AHBPeriphClockCmd
                0x08001c38       0x44 ./Libraries/STM32F10x_StdPeriph_Driver/src/stm32f10x_rcc.o
                0x08001c38                RCC_AHBPeriphClockCmd
 .text.RCC_APB2PeriphClockCmd
                0x08001c7c       0x44 ./Libraries/STM32F10x_StdPeriph_Driver/src/stm32f10x_rcc.o
                0x08001c7c                RCC_APB2PeriphClockCmd
 .text.RCC_GetFlagStatus
                0x08001cc0       0x84 ./Libraries/STM32F10x_StdPeriph_Driver/src/stm32f10x_rcc.o
                0x08001cc0                RCC_GetFlagStatus
 .text.TIM_TimeBaseInit
                0x08001d44      0x100 ./Libraries/STM32F10x_StdPeriph_Driver/src/stm32f10x_tim.o
                0x08001d44                TIM_TimeBaseInit
 .text.TIM_OC1Init
                0x08001e44      0x12c ./Libraries/STM32F10x_StdPeriph_Driver/src/stm32f10x_tim.o
                0x08001e44                TIM_OC1Init
 .text.TIM_Cmd  0x08001f70       0x40 ./Libraries/STM32F10x_StdPeriph_Driver/src/stm32f10x_tim.o
                0x08001f70                TIM_Cmd
 .text.TIM_CtrlPWMOutputs
                0x08001fb0       0x50 ./Libraries/STM32F10x_StdPeriph_Driver/src/stm32f10x_tim.o
                0x08001fb0                TIM_CtrlPWMOutputs
 .text.TIM_GetITStatus
                0x08002000       0x64 ./Libraries/STM32F10x_StdPeriph_Driver/src/stm32f10x_tim.o
                0x08002000                TIM_GetITStatus
 .text.TIM_ClearITPendingBit
                0x08002064       0x24 ./Libraries/STM32F10x_StdPeriph_Driver/src/stm32f10x_tim.o
                0x08002064                TIM_ClearITPendingBit
 .text.USART_Init
                0x08002088      0x1b0 ./Libraries/STM32F10x_StdPeriph_Driver/src/stm32f10x_usart.o
                0x08002088                USART_Init
 .text.USART_Cmd
                0x08002238       0x40 ./Libraries/STM32F10x_StdPeriph_Driver/src/stm32f10x_usart.o
                0x08002238                USART_Cmd
 .text.USART_DMACmd
                0x08002278       0x4c ./Libraries/STM32F10x_StdPeriph_Driver/src/stm32f10x_usart.o
                0x08002278                USART_DMACmd
 .text.USART_GetITStatus
                0x080022c4       0xcc ./Libraries/STM32F10x_StdPeriph_Driver/src/stm32f10x_usart.o
                0x080022c4                USART_GetITStatus
 .text          0x08002390       0xac d:/programowaniearm/codesourcery/sourcery g++ lite/bin/../lib/gcc/arm-none-eabi/4.5.2/../../../../arm-none-eabi/lib/thumb2\libm.a(lib_a-w_sqrt.o)
                0x08002390                sqrt
 .text          0x0800243c      0x1c0 d:/programowaniearm/codesourcery/sourcery g++ lite/bin/../lib/gcc/arm-none-eabi/4.5.2/../../../../arm-none-eabi/lib/thumb2\libm.a(lib_a-e_sqrt.o)
                0x0800243c                __ieee754_sqrt
 .text          0x080025fc       0x90 d:/programowaniearm/codesourcery/sourcery g++ lite/bin/../lib/gcc/arm-none-eabi/4.5.2/../../../../arm-none-eabi/lib/thumb2\libm.a(lib_a-s_fpclassify.o)
                0x080025fc                __fpclassifyd
 .text          0x0800268c        0x4 d:/programowaniearm/codesourcery/sourcery g++ lite/bin/../lib/gcc/arm-none-eabi/4.5.2/../../../../arm-none-eabi/lib/thumb2\libm.a(lib_a-s_matherr.o)
                0x0800268c                matherr
 .text          0x08002690      0x370 d:/programowaniearm/codesourcery/sourcery g++ lite/bin/../lib/gcc/arm-none-eabi/4.5.2/thumb2\libgcc.a(_arm_addsubdf3.o)
                0x08002690                __aeabi_drsub
                0x08002698                __aeabi_dsub
                0x08002698                __subdf3
                0x0800269c                __aeabi_dadd
                0x0800269c                __adddf3
                0x08002914                __floatunsidf
                0x08002914                __aeabi_ui2d
                0x08002934                __floatsidf
                0x08002934                __aeabi_i2d
                0x08002958                __aeabi_f2d
                0x08002958                __extendsfdf2
                0x08002994                __floatundidf
                0x08002994                __aeabi_ul2d
                0x080029a4                __floatdidf
                0x080029a4                __aeabi_l2d
 .text          0x08002a00      0x424 d:/programowaniearm/codesourcery/sourcery g++ lite/bin/../lib/gcc/arm-none-eabi/4.5.2/thumb2\libgcc.a(_arm_muldivdf3.o)
                0x08002a00                __aeabi_dmul
                0x08002a00                __muldf3
                0x08002c54                __divdf3
                0x08002c54                __aeabi_ddiv
 .text          0x08002e24      0x110 d:/programowaniearm/codesourcery/sourcery g++ lite/bin/../lib/gcc/arm-none-eabi/4.5.2/thumb2\libgcc.a(_arm_cmpdf2.o)
                0x08002e24                __gtdf2
                0x08002e24                __gedf2
                0x08002e2c                __ltdf2
                0x08002e2c                __ledf2
                0x08002e34                __nedf2
                0x08002e34                __eqdf2
                0x08002e34                __cmpdf2
                0x08002eb0                __aeabi_cdrcmple
                0x08002ec0                __aeabi_cdcmpeq
                0x08002ec0                __aeabi_cdcmple
                0x08002ed0                __aeabi_dcmpeq
                0x08002ee4                __aeabi_dcmplt
                0x08002ef8                __aeabi_dcmple
                0x08002f0c                __aeabi_dcmpge
                0x08002f20                __aeabi_dcmpgt
 .text          0x08002f34       0xa0 d:/programowaniearm/codesourcery/sourcery g++ lite/bin/../lib/gcc/arm-none-eabi/4.5.2/thumb2\libgcc.a(_arm_truncdfsf2.o)
                0x08002f34                __truncdfsf2
                0x08002f34                __aeabi_d2f
 .text          0x08002fd4      0x21c d:/programowaniearm/codesourcery/sourcery g++ lite/bin/../lib/gcc/arm-none-eabi/4.5.2/thumb2\libgcc.a(_arm_addsubsf3.o)
                0x08002fd4                __aeabi_frsub
                0x08002fdc                __subsf3
                0x08002fdc                __aeabi_fsub
                0x08002fe0                __aeabi_fadd
                0x08002fe0                __addsf3
                0x08003140                __aeabi_ui2f
                0x08003140                __floatunsisf
                0x08003148                __aeabi_i2f
                0x08003148                __floatsisf
                0x08003164                __aeabi_ul2f
                0x08003164                __floatundisf
                0x08003174                __aeabi_l2f
                0x08003174                __floatdisf
 .text          0x080031f0      0x2a0 d:/programowaniearm/codesourcery/sourcery g++ lite/bin/../lib/gcc/arm-none-eabi/4.5.2/thumb2\libgcc.a(_arm_muldivsf3.o)
                0x080031f0                __mulsf3
                0x080031f0                __aeabi_fmul
                0x08003358                __aeabi_fdiv
                0x08003358                __divsf3
 .text          0x08003490       0xec d:/programowaniearm/codesourcery/sourcery g++ lite/bin/../lib/gcc/arm-none-eabi/4.5.2/thumb2\libgcc.a(_arm_cmpsf2.o)
                0x08003490                __gesf2
                0x08003490                __gtsf2
                0x08003498                __lesf2
                0x08003498                __ltsf2
                0x080034a0                __nesf2
                0x080034a0                __eqsf2
                0x080034a0                __cmpsf2
                0x08003500                __aeabi_cfrcmple
                0x08003508                __aeabi_cfcmpeq
                0x08003508                __aeabi_cfcmple
                0x08003518                __aeabi_fcmpeq
                0x0800352c                __aeabi_fcmplt
                0x08003540                __aeabi_fcmple
                0x08003554                __aeabi_fcmpge
                0x08003568                __aeabi_fcmpgt
 .text          0x0800357c       0x40 d:/programowaniearm/codesourcery/sourcery g++ lite/bin/../lib/gcc/arm-none-eabi/4.5.2/thumb2\libgcc.a(_arm_fixunssfsi.o)
                0x0800357c                __fixunssfsi
                0x0800357c                __aeabi_f2uiz
 .text          0x080035bc        0xc d:/programowaniearm/codesourcery/sourcery g++ lite/bin/../lib/gcc/arm-none-eabi/4.5.2/../../../../arm-none-eabi/lib/thumb2\libc.a(lib_a-errno.o)
                0x080035bc                __errno
                0x080035c8                . = ALIGN (0x4)
 *(.glue_7t .glue_7)
 .glue_7        0x00000000        0x0 linker stubs
 .glue_7t       0x00000000        0x0 linker stubs
                0x080035c8                . = ALIGN (0x4)
 *(.rodata .rodata.* .gnu.linkonce.r.*)
 .rodata.NL2    0x080035c8        0x4 ./Filtry.o
                0x080035c8                NL2
 .rodata.NUM2   0x080035cc        0xc ./Filtry.o
                0x080035cc                NUM2
 .rodata.DL2    0x080035d8        0x4 ./Filtry.o
                0x080035d8                DL2
 .rodata.DEN2   0x080035dc        0xc ./Filtry.o
                0x080035dc                DEN2
 .rodata.NL     0x080035e8       0x24 ./Filtry.o
                0x080035e8                NL
 .rodata.NUM    0x0800360c       0x6c ./Filtry.o
                0x0800360c                NUM
 .rodata.DL     0x08003678       0x24 ./Filtry.o
                0x08003678                DL
 .rodata.DEN    0x0800369c       0x6c ./Filtry.o
                0x0800369c                DEN
 .rodata.str1.4
                0x08003708        0x5 d:/programowaniearm/codesourcery/sourcery g++ lite/bin/../lib/gcc/arm-none-eabi/4.5.2/../../../../arm-none-eabi/lib/thumb2\libm.a(lib_a-w_sqrt.o)
                                  0x8 (size before relaxing)
 *fill*         0x0800370d        0x3 00
 .rodata.str1.4
                0x08003710        0x4 d:/programowaniearm/codesourcery/sourcery g++ lite/bin/../lib/gcc/arm-none-eabi/4.5.2/../../../../arm-none-eabi/lib/thumb2\libc.a(lib_a-impure.o)
                0x08003714                . = ALIGN (0x4)
 *(.init)
 .init          0x08003714        0x4 d:/programowaniearm/codesourcery/sourcery g++ lite/bin/../lib/gcc/arm-none-eabi/4.5.2/thumb2/crti.o
                0x08003714                _init
 .init          0x08003718        0x8 d:/programowaniearm/codesourcery/sourcery g++ lite/bin/../lib/gcc/arm-none-eabi/4.5.2/thumb2/crtn.o
                0x08003720                . = ALIGN (0x4)
                0x08003720                __preinit_array_start = .
 *(.preinit_array)
                0x08003720                . = ALIGN (0x4)
                0x08003720                __preinit_array_end = .
                0x08003720                __init_array_start = .
 *(SORT(.init_array.*))
                0x08003720                . = ALIGN (0x4)
 *(.init_array)
 .init_array    0x08003720        0x4 d:/programowaniearm/codesourcery/sourcery g++ lite/bin/../lib/gcc/arm-none-eabi/4.5.2/thumb2/crtbegin.o
                0x08003724                . = ALIGN (0x4)
                0x08003724                __init_array_end = .
 *(.fini)
 .fini          0x08003724        0x4 d:/programowaniearm/codesourcery/sourcery g++ lite/bin/../lib/gcc/arm-none-eabi/4.5.2/thumb2/crti.o
                0x08003724                _fini
 .fini          0x08003728        0x8 d:/programowaniearm/codesourcery/sourcery g++ lite/bin/../lib/gcc/arm-none-eabi/4.5.2/thumb2/crtn.o
                0x08003730                . = ALIGN (0x4)
                0x08003730                __fini_array_start = .
 *(.fini_array)
 .fini_array    0x08003730        0x4 d:/programowaniearm/codesourcery/sourcery g++ lite/bin/../lib/gcc/arm-none-eabi/4.5.2/thumb2/crtbegin.o
                0x08003734                . = ALIGN (0x4)
 *(SORT(.fini_array.*))
                0x08003734                . = ALIGN (0x4)
                0x08003734                __fini_array_end = .
                0x08003734                __text_end = .
                [0x08003734]                PROVIDE (__text_end, __text_end)

.vfp11_veneer   0x08003734        0x0
 .vfp11_veneer  0x00000000        0x0 linker stubs

.v4_bx          0x08003734        0x0
 .v4_bx         0x00000000        0x0 linker stubs

.data           0x20000000      0x110 load address 0x08003734
                0x08003734                __data_init_start = LOADADDR (.data)
                [0x08003734]                PROVIDE (__data_init_start, __data_init_start)
                0x20000000                __data_start = .
                [0x20000000]                PROVIDE (__data_start, __data_start)
 *(.data .data.* .gnu.linkonce.d.*)
 .data.TxBufferSize
                0x20000000        0x4 ./main.o
                0x20000000                TxBufferSize
 .data.APBAHBPrescTable
                0x20000004       0x10 ./Libraries/STM32F10x_StdPeriph_Driver/src/stm32f10x_rcc.o
 .data.ADCPrescTable
                0x20000014        0x4 ./Libraries/STM32F10x_StdPeriph_Driver/src/stm32f10x_rcc.o
 .data          0x20000018        0x1 d:/programowaniearm/codesourcery/sourcery g++ lite/bin/../lib/gcc/arm-none-eabi/4.5.2/../../../../arm-none-eabi/lib/thumb2\libm.a(lib_a-s_lib_ver.o)
                0x20000018                __fdlib_version
 *fill*         0x20000019        0x3 00
 .data          0x2000001c       0xf4 d:/programowaniearm/codesourcery/sourcery g++ lite/bin/../lib/gcc/arm-none-eabi/4.5.2/../../../../arm-none-eabi/lib/thumb2\libc.a(lib_a-impure.o)
                0x2000001c                _impure_ptr
                0x20000110                . = ALIGN (0x4)
                0x20000110                __data_end = .
                [0x20000110]                PROVIDE (__data_end, __data_end)

.jcr            0x20000110        0x0 load address 0x08003844
 .jcr           0x20000110        0x0 d:/programowaniearm/codesourcery/sourcery g++ lite/bin/../lib/gcc/arm-none-eabi/4.5.2/thumb2/crtbegin.o

.bss            0x20000110      0x128
                0x20000110                __bss_start = .
                [0x20000110]                PROVIDE (__bss_start, __bss_start)
 *(.bss .bss.* .gnu.linkonce.b.*)
 .bss           0x20000110        0x1 d:/programowaniearm/codesourcery/sourcery g++ lite/bin/../lib/gcc/arm-none-eabi/4.5.2/thumb2/crtbegin.o
 *fill*         0x20000111        0x1 00
 .bss.ADC1ConvertedValue
                0x20000112        0x2 ./main.o
                0x20000112                ADC1ConvertedValue
 .bss.flaga     0x20000114        0x1 ./main.o
                0x20000114                flaga
                0x20000118                . = ALIGN (0x4)
 *fill*         0x20000115        0x3 00
 *(COMMON)
 COMMON         0x20000118       0xf0 ./Filtry.o
                0x20000118                y_pass
                0x20000184                x_pass
                0x200001f0                x_notch
                0x200001fc                y_notch
 COMMON         0x20000208       0x30 ./main.o
                0x20000208                TimeTick
                0x2000020c                LicznikProbek
                0x20000210                val
                0x20000214                TxBuffer
                0x20000234                RMS
                0x20000238                . = ALIGN (0x4)
                0x20000238                __bss_end = .
                [0x20000238]                PROVIDE (__bss_end, __bss_end)

.stack          0x20000238      0x800
                0x20000238                __stack_start = .
                [0x20000238]                PROVIDE (__stack_start, __stack_start)
                0x20000238                __main_stack_start = .
                [0x20000238]                PROVIDE (__main_stack_start, __main_stack_start)
                0x20000638                . = (. + __main_stack_size)
 *fill*         0x20000238      0x400 00
                0x20000638                . = ALIGN (0x4)
                0x20000638                __main_stack_end = .
                [0x20000638]                PROVIDE (__main_stack_end, __main_stack_end)
                0x20000638                __process_stack_start = .
                [0x20000638]                PROVIDE (__process_stack_start, __process_stack_start)
                0x20000a38                . = (. + __process_stack_size)
 *fill*         0x20000638      0x400 00
                0x20000a38                . = ALIGN (0x4)
                0x20000a38                __process_stack_end = .
                [0x20000a38]                PROVIDE (__process_stack_end, __process_stack_end)
                0x20000a38                __stack_end = .
                [0x20000a38]                PROVIDE (__stack_end, __stack_end)
                0x20000a38                __heap_start = .
                [0x20000a38]                PROVIDE (__heap_start, __heap_start)
                0x20005000                __heap_end = __ram_end
                [0x20005000]                PROVIDE (__heap_end, __heap_end)

.stab
 *(.stab)

.stabstr
 *(.stabstr)

.debug
 *(.debug)

.line
 *(.line)

.debug_srcinfo
 *(.debug_srcinfo)

.debug_sfnames
 *(.debug_sfnames)

.comment        0x00000000       0x2a
 .comment       0x00000000       0x2a ./Filtry.o
                                 0x2b (size before relaxing)
 .comment       0x00000000       0x2b ./Init.o
 .comment       0x00000000       0x2b ./ObslugaPrzerwan.o
 .comment       0x00000000       0x2b ./main.o
 .comment       0x00000000       0x2b ./Setup/vectors.o
 .comment       0x00000000       0x2b ./Libraries/STM32F10x_StdPeriph_Driver/src/misc.o
 .comment       0x00000000       0x2b ./Libraries/STM32F10x_StdPeriph_Driver/src/stm32f10x_adc.o
 .comment       0x00000000       0x2b ./Libraries/STM32F10x_StdPeriph_Driver/src/stm32f10x_bkp.o
 .comment       0x00000000       0x2b ./Libraries/STM32F10x_StdPeriph_Driver/src/stm32f10x_can.o
 .comment       0x00000000       0x2b ./Libraries/STM32F10x_StdPeriph_Driver/src/stm32f10x_cec.o
 .comment       0x00000000       0x2b ./Libraries/STM32F10x_StdPeriph_Driver/src/stm32f10x_crc.o
 .comment       0x00000000       0x2b ./Libraries/STM32F10x_StdPeriph_Driver/src/stm32f10x_dac.o
 .comment       0x00000000       0x2b ./Libraries/STM32F10x_StdPeriph_Driver/src/stm32f10x_dbgmcu.o
 .comment       0x00000000       0x2b ./Libraries/STM32F10x_StdPeriph_Driver/src/stm32f10x_dma.o
 .comment       0x00000000       0x2b ./Libraries/STM32F10x_StdPeriph_Driver/src/stm32f10x_exti.o
 .comment       0x00000000       0x2b ./Libraries/STM32F10x_StdPeriph_Driver/src/stm32f10x_flash.o
 .comment       0x00000000       0x2b ./Libraries/STM32F10x_StdPeriph_Driver/src/stm32f10x_fsmc.o
 .comment       0x00000000       0x2b ./Libraries/STM32F10x_StdPeriph_Driver/src/stm32f10x_gpio.o
 .comment       0x00000000       0x2b ./Libraries/STM32F10x_StdPeriph_Driver/src/stm32f10x_i2c.o
 .comment       0x00000000       0x2b ./Libraries/STM32F10x_StdPeriph_Driver/src/stm32f10x_iwdg.o
 .comment       0x00000000       0x2b ./Libraries/STM32F10x_StdPeriph_Driver/src/stm32f10x_pwr.o
 .comment       0x00000000       0x2b ./Libraries/STM32F10x_StdPeriph_Driver/src/stm32f10x_rcc.o
 .comment       0x00000000       0x2b ./Libraries/STM32F10x_StdPeriph_Driver/src/stm32f10x_rtc.o
 .comment       0x00000000       0x2b ./Libraries/STM32F10x_StdPeriph_Driver/src/stm32f10x_sdio.o
 .comment       0x00000000       0x2b ./Libraries/STM32F10x_StdPeriph_Driver/src/stm32f10x_spi.o
 .comment       0x00000000       0x2b ./Libraries/STM32F10x_StdPeriph_Driver/src/stm32f10x_tim.o
 .comment       0x00000000       0x2b ./Libraries/STM32F10x_StdPeriph_Driver/src/stm32f10x_usart.o
 .comment       0x00000000       0x2b ./Libraries/STM32F10x_StdPeriph_Driver/src/stm32f10x_wwdg.o
 .comment       0x00000000       0x2b ./Libraries/CMSIS/CM3/DeviceSupport/ST/STM32F10x/system_stm32f10x.o
 .comment       0x00000000       0x2b ./Libraries/CMSIS/CM3/CoreSupport/core_cm3.o

.debug_aranges  0x00000000     0x1360
 *(.debug_aranges)
 .debug_aranges
                0x00000000       0x30 ./Filtry.o
 .debug_aranges
                0x00000030       0x48 ./Init.o
 .debug_aranges
                0x00000078       0x38 ./ObslugaPrzerwan.o
 .debug_aranges
                0x000000b0       0x30 ./main.o
 .debug_aranges
                0x000000e0       0x20 ./Setup/startup.o
 .debug_aranges
                0x00000100       0x20 ./Setup/vectors.o
 .debug_aranges
                0x00000120       0x40 ./Libraries/STM32F10x_StdPeriph_Driver/src/misc.o
 .debug_aranges
                0x00000160      0x138 ./Libraries/STM32F10x_StdPeriph_Driver/src/stm32f10x_adc.o
 .debug_aranges
                0x00000298       0x78 ./Libraries/STM32F10x_StdPeriph_Driver/src/stm32f10x_bkp.o
 .debug_aranges
                0x00000310       0xe0 ./Libraries/STM32F10x_StdPeriph_Driver/src/stm32f10x_can.o
 .debug_aranges
                0x000003f0       0x88 ./Libraries/STM32F10x_StdPeriph_Driver/src/stm32f10x_cec.o
 .debug_aranges
                0x00000478       0x48 ./Libraries/STM32F10x_StdPeriph_Driver/src/stm32f10x_crc.o
 .debug_aranges
                0x000004c0       0x78 ./Libraries/STM32F10x_StdPeriph_Driver/src/stm32f10x_dac.o
 .debug_aranges
                0x00000538       0x30 ./Libraries/STM32F10x_StdPeriph_Driver/src/stm32f10x_dbgmcu.o
 .debug_aranges
                0x00000568       0x70 ./Libraries/STM32F10x_StdPeriph_Driver/src/stm32f10x_dma.o
 .debug_aranges
                0x000005d8       0x58 ./Libraries/STM32F10x_StdPeriph_Driver/src/stm32f10x_exti.o
 .debug_aranges
                0x00000630       0xf8 ./Libraries/STM32F10x_StdPeriph_Driver/src/stm32f10x_flash.o
 .debug_aranges
                0x00000728       0xb0 ./Libraries/STM32F10x_StdPeriph_Driver/src/stm32f10x_fsmc.o
 .debug_aranges
                0x000007d8       0xa8 ./Libraries/STM32F10x_StdPeriph_Driver/src/stm32f10x_gpio.o
 .debug_aranges
                0x00000880      0x120 ./Libraries/STM32F10x_StdPeriph_Driver/src/stm32f10x_i2c.o
 .debug_aranges
                0x000009a0       0x48 ./Libraries/STM32F10x_StdPeriph_Driver/src/stm32f10x_iwdg.o
 .debug_aranges
                0x000009e8       0x70 ./Libraries/STM32F10x_StdPeriph_Driver/src/stm32f10x_pwr.o
 .debug_aranges
                0x00000a58      0x160 ./Libraries/STM32F10x_StdPeriph_Driver/src/stm32f10x_rcc.o
 .debug_aranges
                0x00000bb8       0x88 ./Libraries/STM32F10x_StdPeriph_Driver/src/stm32f10x_rtc.o
 .debug_aranges
                0x00000c40      0x108 ./Libraries/STM32F10x_StdPeriph_Driver/src/stm32f10x_sdio.o
 .debug_aranges
                0x00000d48       0xd0 ./Libraries/STM32F10x_StdPeriph_Driver/src/stm32f10x_spi.o
 .debug_aranges
                0x00000e18      0x2f0 ./Libraries/STM32F10x_StdPeriph_Driver/src/stm32f10x_tim.o
 .debug_aranges
                0x00001108      0x100 ./Libraries/STM32F10x_StdPeriph_Driver/src/stm32f10x_usart.o
 .debug_aranges
                0x00001208       0x58 ./Libraries/STM32F10x_StdPeriph_Driver/src/stm32f10x_wwdg.o
 .debug_aranges
                0x00001260       0x38 ./Libraries/CMSIS/CM3/DeviceSupport/ST/STM32F10x/system_stm32f10x.o
 .debug_aranges
                0x00001298       0xc8 ./Libraries/CMSIS/CM3/CoreSupport/core_cm3.o

.debug_pubnames
                0x00000000     0x2f18
 *(.debug_pubnames)
 .debug_pubnames
                0x00000000       0xa9 ./Filtry.o
 .debug_pubnames
                0x000000a9       0x63 ./Init.o
 .debug_pubnames
                0x0000010c       0x79 ./ObslugaPrzerwan.o
 .debug_pubnames
                0x00000185       0xaa ./main.o
 .debug_pubnames
                0x0000022f       0x1e ./Setup/vectors.o
 .debug_pubnames
                0x0000024d       0x89 ./Libraries/STM32F10x_StdPeriph_Driver/src/misc.o
 .debug_pubnames
                0x000002d6      0x401 ./Libraries/STM32F10x_StdPeriph_Driver/src/stm32f10x_adc.o
 .debug_pubnames
                0x000006d7      0x128 ./Libraries/STM32F10x_StdPeriph_Driver/src/stm32f10x_bkp.o
 .debug_pubnames
                0x000007ff      0x208 ./Libraries/STM32F10x_StdPeriph_Driver/src/stm32f10x_can.o
 .debug_pubnames
                0x00000a07      0x12b ./Libraries/STM32F10x_StdPeriph_Driver/src/stm32f10x_cec.o
 .debug_pubnames
                0x00000b32       0x82 ./Libraries/STM32F10x_StdPeriph_Driver/src/stm32f10x_crc.o
 .debug_pubnames
                0x00000bb4      0x116 ./Libraries/STM32F10x_StdPeriph_Driver/src/stm32f10x_dac.o
 .debug_pubnames
                0x00000cca       0x4c ./Libraries/STM32F10x_StdPeriph_Driver/src/stm32f10x_dbgmcu.o
 .debug_pubnames
                0x00000d16       0xea ./Libraries/STM32F10x_StdPeriph_Driver/src/stm32f10x_dma.o
 .debug_pubnames
                0x00000e00       0xbb ./Libraries/STM32F10x_StdPeriph_Driver/src/stm32f10x_exti.o
 .debug_pubnames
                0x00000ebb      0x2f2 ./Libraries/STM32F10x_StdPeriph_Driver/src/stm32f10x_flash.o
 .debug_pubnames
                0x000011ad      0x1a3 ./Libraries/STM32F10x_StdPeriph_Driver/src/stm32f10x_fsmc.o
 .debug_pubnames
                0x00001350      0x19d ./Libraries/STM32F10x_StdPeriph_Driver/src/stm32f10x_gpio.o
 .debug_pubnames
                0x000014ed      0x2cb ./Libraries/STM32F10x_StdPeriph_Driver/src/stm32f10x_i2c.o
 .debug_pubnames
                0x000017b8       0x91 ./Libraries/STM32F10x_StdPeriph_Driver/src/stm32f10x_iwdg.o
 .debug_pubnames
                0x00001849       0xcb ./Libraries/STM32F10x_StdPeriph_Driver/src/stm32f10x_pwr.o
 .debug_pubnames
                0x00001914      0x37e ./Libraries/STM32F10x_StdPeriph_Driver/src/stm32f10x_rcc.o
 .debug_pubnames
                0x00001c92      0x136 ./Libraries/STM32F10x_StdPeriph_Driver/src/stm32f10x_rtc.o
 .debug_pubnames
                0x00001dc8      0x2ac ./Libraries/STM32F10x_StdPeriph_Driver/src/stm32f10x_sdio.o
 .debug_pubnames
                0x00002074      0x1f6 ./Libraries/STM32F10x_StdPeriph_Driver/src/stm32f10x_spi.o
 .debug_pubnames
                0x0000226a      0x7b0 ./Libraries/STM32F10x_StdPeriph_Driver/src/stm32f10x_tim.o
 .debug_pubnames
                0x00002a1a      0x294 ./Libraries/STM32F10x_StdPeriph_Driver/src/stm32f10x_usart.o
 .debug_pubnames
                0x00002cae       0xb0 ./Libraries/STM32F10x_StdPeriph_Driver/src/stm32f10x_wwdg.o
 .debug_pubnames
                0x00002d5e       0x61 ./Libraries/CMSIS/CM3/DeviceSupport/ST/STM32F10x/system_stm32f10x.o
 .debug_pubnames
                0x00002dbf      0x159 ./Libraries/CMSIS/CM3/CoreSupport/core_cm3.o

.debug_info     0x00000000     0xdcad
 *(.debug_info .gnu.linkonce.wi.*)
 .debug_info    0x00000000      0x315 ./Filtry.o
 .debug_info    0x00000315      0xb26 ./Init.o
 .debug_info    0x00000e3b      0x663 ./ObslugaPrzerwan.o
 .debug_info    0x0000149e      0x98a ./main.o
 .debug_info    0x00001e28       0x61 ./Setup/startup.o
 .debug_info    0x00001e89       0xa1 ./Setup/vectors.o
 .debug_info    0x00001f2a      0x54e ./Libraries/STM32F10x_StdPeriph_Driver/src/misc.o
 .debug_info    0x00002478      0xc16 ./Libraries/STM32F10x_StdPeriph_Driver/src/stm32f10x_adc.o
 .debug_info    0x0000308e      0x881 ./Libraries/STM32F10x_StdPeriph_Driver/src/stm32f10x_bkp.o
 .debug_info    0x0000390f      0xc5f ./Libraries/STM32F10x_StdPeriph_Driver/src/stm32f10x_can.o
 .debug_info    0x0000456e      0x444 ./Libraries/STM32F10x_StdPeriph_Driver/src/stm32f10x_cec.o
 .debug_info    0x000049b2      0x208 ./Libraries/STM32F10x_StdPeriph_Driver/src/stm32f10x_crc.o
 .debug_info    0x00004bba      0x4e0 ./Libraries/STM32F10x_StdPeriph_Driver/src/stm32f10x_dac.o
 .debug_info    0x0000509a      0x162 ./Libraries/STM32F10x_StdPeriph_Driver/src/stm32f10x_dbgmcu.o
 .debug_info    0x000051fc      0x4aa ./Libraries/STM32F10x_StdPeriph_Driver/src/stm32f10x_dma.o
 .debug_info    0x000056a6      0x369 ./Libraries/STM32F10x_StdPeriph_Driver/src/stm32f10x_exti.o
 .debug_info    0x00005a0f      0x821 ./Libraries/STM32F10x_StdPeriph_Driver/src/stm32f10x_flash.o
 .debug_info    0x00006230      0x9a1 ./Libraries/STM32F10x_StdPeriph_Driver/src/stm32f10x_fsmc.o
 .debug_info    0x00006bd1      0x72b ./Libraries/STM32F10x_StdPeriph_Driver/src/stm32f10x_gpio.o
 .debug_info    0x000072fc      0xb9c ./Libraries/STM32F10x_StdPeriph_Driver/src/stm32f10x_i2c.o
 .debug_info    0x00007e98      0x208 ./Libraries/STM32F10x_StdPeriph_Driver/src/stm32f10x_iwdg.o
 .debug_info    0x000080a0      0x463 ./Libraries/STM32F10x_StdPeriph_Driver/src/stm32f10x_pwr.o
 .debug_info    0x00008503      0xb37 ./Libraries/STM32F10x_StdPeriph_Driver/src/stm32f10x_rcc.o
 .debug_info    0x0000903a      0x472 ./Libraries/STM32F10x_StdPeriph_Driver/src/stm32f10x_rtc.o
 .debug_info    0x000094ac      0x897 ./Libraries/STM32F10x_StdPeriph_Driver/src/stm32f10x_sdio.o
 .debug_info    0x00009d43      0xa47 ./Libraries/STM32F10x_StdPeriph_Driver/src/stm32f10x_spi.o
 .debug_info    0x0000a78a     0x1e20 ./Libraries/STM32F10x_StdPeriph_Driver/src/stm32f10x_tim.o
 .debug_info    0x0000c5aa      0xa74 ./Libraries/STM32F10x_StdPeriph_Driver/src/stm32f10x_usart.o
 .debug_info    0x0000d01e      0x23d ./Libraries/STM32F10x_StdPeriph_Driver/src/stm32f10x_wwdg.o
 .debug_info    0x0000d25b      0x502 ./Libraries/CMSIS/CM3/DeviceSupport/ST/STM32F10x/system_stm32f10x.o
 .debug_info    0x0000d75d      0x550 ./Libraries/CMSIS/CM3/CoreSupport/core_cm3.o

.debug_abbrev   0x00000000     0x272d
 *(.debug_abbrev)
 .debug_abbrev  0x00000000       0xd7 ./Filtry.o
 .debug_abbrev  0x000000d7      0x11c ./Init.o
 .debug_abbrev  0x000001f3      0x14d ./ObslugaPrzerwan.o
 .debug_abbrev  0x00000340      0x186 ./main.o
 .debug_abbrev  0x000004c6       0x14 ./Setup/startup.o
 .debug_abbrev  0x000004da       0x81 ./Setup/vectors.o
 .debug_abbrev  0x0000055b      0x139 ./Libraries/STM32F10x_StdPeriph_Driver/src/misc.o
 .debug_abbrev  0x00000694      0x178 ./Libraries/STM32F10x_StdPeriph_Driver/src/stm32f10x_adc.o
 .debug_abbrev  0x0000080c      0x15a ./Libraries/STM32F10x_StdPeriph_Driver/src/stm32f10x_bkp.o
 .debug_abbrev  0x00000966      0x1b0 ./Libraries/STM32F10x_StdPeriph_Driver/src/stm32f10x_can.o
 .debug_abbrev  0x00000b16      0x18d ./Libraries/STM32F10x_StdPeriph_Driver/src/stm32f10x_cec.o
 .debug_abbrev  0x00000ca3      0x10e ./Libraries/STM32F10x_StdPeriph_Driver/src/stm32f10x_crc.o
 .debug_abbrev  0x00000db1      0x16d ./Libraries/STM32F10x_StdPeriph_Driver/src/stm32f10x_dac.o
 .debug_abbrev  0x00000f1e       0xde ./Libraries/STM32F10x_StdPeriph_Driver/src/stm32f10x_dbgmcu.o
 .debug_abbrev  0x00000ffc      0x152 ./Libraries/STM32F10x_StdPeriph_Driver/src/stm32f10x_dma.o
 .debug_abbrev  0x0000114e      0x14e ./Libraries/STM32F10x_StdPeriph_Driver/src/stm32f10x_exti.o
 .debug_abbrev  0x0000129c      0x166 ./Libraries/STM32F10x_StdPeriph_Driver/src/stm32f10x_flash.o
 .debug_abbrev  0x00001402      0x16a ./Libraries/STM32F10x_StdPeriph_Driver/src/stm32f10x_fsmc.o
 .debug_abbrev  0x0000156c      0x1a8 ./Libraries/STM32F10x_StdPeriph_Driver/src/stm32f10x_gpio.o
 .debug_abbrev  0x00001714      0x161 ./Libraries/STM32F10x_StdPeriph_Driver/src/stm32f10x_i2c.o
 .debug_abbrev  0x00001875       0xfe ./Libraries/STM32F10x_StdPeriph_Driver/src/stm32f10x_iwdg.o
 .debug_abbrev  0x00001973      0x188 ./Libraries/STM32F10x_StdPeriph_Driver/src/stm32f10x_pwr.o
 .debug_abbrev  0x00001afb      0x195 ./Libraries/STM32F10x_StdPeriph_Driver/src/stm32f10x_rcc.o
 .debug_abbrev  0x00001c90      0x16a ./Libraries/STM32F10x_StdPeriph_Driver/src/stm32f10x_rtc.o
 .debug_abbrev  0x00001dfa      0x1a6 ./Libraries/STM32F10x_StdPeriph_Driver/src/stm32f10x_sdio.o
 .debug_abbrev  0x00001fa0      0x161 ./Libraries/STM32F10x_StdPeriph_Driver/src/stm32f10x_spi.o
 .debug_abbrev  0x00002101      0x176 ./Libraries/STM32F10x_StdPeriph_Driver/src/stm32f10x_tim.o
 .debug_abbrev  0x00002277      0x15f ./Libraries/STM32F10x_StdPeriph_Driver/src/stm32f10x_usart.o
 .debug_abbrev  0x000023d6       0xfc ./Libraries/STM32F10x_StdPeriph_Driver/src/stm32f10x_wwdg.o
 .debug_abbrev  0x000024d2      0x182 ./Libraries/CMSIS/CM3/DeviceSupport/ST/STM32F10x/system_stm32f10x.o
 .debug_abbrev  0x00002654       0xd9 ./Libraries/CMSIS/CM3/CoreSupport/core_cm3.o

.debug_line     0x00000000     0x91d8
 *(.debug_line)
 .debug_line    0x00000000      0x11c ./Filtry.o
 .debug_line    0x0000011c      0x611 ./Init.o
 .debug_line    0x0000072d      0x5de ./ObslugaPrzerwan.o
 .debug_line    0x00000d0b      0x626 ./main.o
 .debug_line    0x00001331       0x5b ./Setup/startup.o
 .debug_line    0x0000138c       0x47 ./Setup/vectors.o
 .debug_line    0x000013d3      0x38d ./Libraries/STM32F10x_StdPeriph_Driver/src/misc.o
 .debug_line    0x00001760      0x676 ./Libraries/STM32F10x_StdPeriph_Driver/src/stm32f10x_adc.o
 .debug_line    0x00001dd6      0x424 ./Libraries/STM32F10x_StdPeriph_Driver/src/stm32f10x_bkp.o
 .debug_line    0x000021fa      0x6be ./Libraries/STM32F10x_StdPeriph_Driver/src/stm32f10x_can.o
 .debug_line    0x000028b8      0x464 ./Libraries/STM32F10x_StdPeriph_Driver/src/stm32f10x_cec.o
 .debug_line    0x00002d1c      0x3bd ./Libraries/STM32F10x_StdPeriph_Driver/src/stm32f10x_crc.o
 .debug_line    0x000030d9      0x43b ./Libraries/STM32F10x_StdPeriph_Driver/src/stm32f10x_dac.o
 .debug_line    0x00003514      0x37b ./Libraries/STM32F10x_StdPeriph_Driver/src/stm32f10x_dbgmcu.o
 .debug_line    0x0000388f      0x456 ./Libraries/STM32F10x_StdPeriph_Driver/src/stm32f10x_dma.o
 .debug_line    0x00003ce5      0x3e3 ./Libraries/STM32F10x_StdPeriph_Driver/src/stm32f10x_exti.o
 .debug_line    0x000040c8      0x62c ./Libraries/STM32F10x_StdPeriph_Driver/src/stm32f10x_flash.o
 .debug_line    0x000046f4      0x592 ./Libraries/STM32F10x_StdPeriph_Driver/src/stm32f10x_fsmc.o
 .debug_line    0x00004c86      0x4ed ./Libraries/STM32F10x_StdPeriph_Driver/src/stm32f10x_gpio.o
 .debug_line    0x00005173      0x617 ./Libraries/STM32F10x_StdPeriph_Driver/src/stm32f10x_i2c.o
 .debug_line    0x0000578a      0x3af ./Libraries/STM32F10x_StdPeriph_Driver/src/stm32f10x_iwdg.o
 .debug_line    0x00005b39      0x41a ./Libraries/STM32F10x_StdPeriph_Driver/src/stm32f10x_pwr.o
 .debug_line    0x00005f53      0x6c0 ./Libraries/STM32F10x_StdPeriph_Driver/src/stm32f10x_rcc.o
 .debug_line    0x00006613      0x468 ./Libraries/STM32F10x_StdPeriph_Driver/src/stm32f10x_rtc.o
 .debug_line    0x00006a7b      0x59e ./Libraries/STM32F10x_StdPeriph_Driver/src/stm32f10x_sdio.o
 .debug_line    0x00007019      0x55e ./Libraries/STM32F10x_StdPeriph_Driver/src/stm32f10x_spi.o
 .debug_line    0x00007577      0xbe1 ./Libraries/STM32F10x_StdPeriph_Driver/src/stm32f10x_tim.o
 .debug_line    0x00008158      0x5c5 ./Libraries/STM32F10x_StdPeriph_Driver/src/stm32f10x_usart.o
 .debug_line    0x0000871d      0x3d6 ./Libraries/STM32F10x_StdPeriph_Driver/src/stm32f10x_wwdg.o
 .debug_line    0x00008af3      0x3f9 ./Libraries/CMSIS/CM3/DeviceSupport/ST/STM32F10x/system_stm32f10x.o
 .debug_line    0x00008eec      0x2ec ./Libraries/CMSIS/CM3/CoreSupport/core_cm3.o

.debug_frame    0x00000000     0x3d04
 *(.debug_frame)
 .debug_frame   0x00000000       0x6c ./Filtry.o
 .debug_frame   0x0000006c       0xd0 ./Init.o
 .debug_frame   0x0000013c       0x88 ./ObslugaPrzerwan.o
 .debug_frame   0x000001c4       0x6c ./main.o
 .debug_frame   0x00000230       0x30 ./Setup/vectors.o
 .debug_frame   0x00000260       0x9c ./Libraries/STM32F10x_StdPeriph_Driver/src/misc.o
 .debug_frame   0x000002fc      0x404 ./Libraries/STM32F10x_StdPeriph_Driver/src/stm32f10x_adc.o
 .debug_frame   0x00000700      0x160 ./Libraries/STM32F10x_StdPeriph_Driver/src/stm32f10x_bkp.o
 .debug_frame   0x00000860      0x2d4 ./Libraries/STM32F10x_StdPeriph_Driver/src/stm32f10x_can.o
 .debug_frame   0x00000b34      0x198 ./Libraries/STM32F10x_StdPeriph_Driver/src/stm32f10x_cec.o
 .debug_frame   0x00000ccc       0xb8 ./Libraries/STM32F10x_StdPeriph_Driver/src/stm32f10x_crc.o
 .debug_frame   0x00000d84      0x160 ./Libraries/STM32F10x_StdPeriph_Driver/src/stm32f10x_dac.o
 .debug_frame   0x00000ee4       0x64 ./Libraries/STM32F10x_StdPeriph_Driver/src/stm32f10x_dbgmcu.o
 .debug_frame   0x00000f48      0x144 ./Libraries/STM32F10x_StdPeriph_Driver/src/stm32f10x_dma.o
 .debug_frame   0x0000108c       0xf0 ./Libraries/STM32F10x_StdPeriph_Driver/src/stm32f10x_exti.o
 .debug_frame   0x0000117c      0x350 ./Libraries/STM32F10x_StdPeriph_Driver/src/stm32f10x_flash.o
 .debug_frame   0x000014cc      0x224 ./Libraries/STM32F10x_StdPeriph_Driver/src/stm32f10x_fsmc.o
 .debug_frame   0x000016f0      0x210 ./Libraries/STM32F10x_StdPeriph_Driver/src/stm32f10x_gpio.o
 .debug_frame   0x00001900      0x3b4 ./Libraries/STM32F10x_StdPeriph_Driver/src/stm32f10x_i2c.o
 .debug_frame   0x00001cb4       0xb8 ./Libraries/STM32F10x_StdPeriph_Driver/src/stm32f10x_iwdg.o
 .debug_frame   0x00001d6c      0x148 ./Libraries/STM32F10x_StdPeriph_Driver/src/stm32f10x_pwr.o
 .debug_frame   0x00001eb4      0x490 ./Libraries/STM32F10x_StdPeriph_Driver/src/stm32f10x_rcc.o
 .debug_frame   0x00002344      0x1a4 ./Libraries/STM32F10x_StdPeriph_Driver/src/stm32f10x_rtc.o
 .debug_frame   0x000024e8      0x358 ./Libraries/STM32F10x_StdPeriph_Driver/src/stm32f10x_sdio.o
 .debug_frame   0x00002840      0x29c ./Libraries/STM32F10x_StdPeriph_Driver/src/stm32f10x_spi.o
 .debug_frame   0x00002adc      0xa20 ./Libraries/STM32F10x_StdPeriph_Driver/src/stm32f10x_tim.o
 .debug_frame   0x000034fc      0x344 ./Libraries/STM32F10x_StdPeriph_Driver/src/stm32f10x_usart.o
 .debug_frame   0x00003840       0xf0 ./Libraries/STM32F10x_StdPeriph_Driver/src/stm32f10x_wwdg.o
 .debug_frame   0x00003930       0x80 ./Libraries/CMSIS/CM3/DeviceSupport/ST/STM32F10x/system_stm32f10x.o
 .debug_frame   0x000039b0      0x280 ./Libraries/CMSIS/CM3/CoreSupport/core_cm3.o
 .debug_frame   0x00003c30       0x38 d:/programowaniearm/codesourcery/sourcery g++ lite/bin/../lib/gcc/arm-none-eabi/4.5.2/../../../../arm-none-eabi/lib/thumb2\libm.a(lib_a-w_sqrt.o)
 .debug_frame   0x00003c68       0x34 d:/programowaniearm/codesourcery/sourcery g++ lite/bin/../lib/gcc/arm-none-eabi/4.5.2/../../../../arm-none-eabi/lib/thumb2\libm.a(lib_a-e_sqrt.o)
 .debug_frame   0x00003c9c       0x28 d:/programowaniearm/codesourcery/sourcery g++ lite/bin/../lib/gcc/arm-none-eabi/4.5.2/../../../../arm-none-eabi/lib/thumb2\libm.a(lib_a-s_fpclassify.o)
 .debug_frame   0x00003cc4       0x20 d:/programowaniearm/codesourcery/sourcery g++ lite/bin/../lib/gcc/arm-none-eabi/4.5.2/../../../../arm-none-eabi/lib/thumb2\libm.a(lib_a-s_matherr.o)
 .debug_frame   0x00003ce4       0x20 d:/programowaniearm/codesourcery/sourcery g++ lite/bin/../lib/gcc/arm-none-eabi/4.5.2/../../../../arm-none-eabi/lib/thumb2\libc.a(lib_a-errno.o)

.debug_str      0x00000000     0x544e
 *(.debug_str)
 .debug_str     0x00000000       0x8e ./Filtry.o
                                 0x9b (size before relaxing)
 .debug_str     0x0000008e      0x70c ./Init.o
                                0x793 (size before relaxing)
 .debug_str     0x0000079a       0x72 ./ObslugaPrzerwan.o
                                0x3b4 (size before relaxing)
 .debug_str     0x0000080c      0x49b ./main.o
                                0x793 (size before relaxing)
 .debug_str     0x00000ca7       0x3e ./Setup/vectors.o
                                 0x81 (size before relaxing)
 .debug_str     0x00000ce5      0x19f ./Libraries/STM32F10x_StdPeriph_Driver/src/misc.o
                                0x340 (size before relaxing)
 .debug_str     0x00000e84      0x46e ./Libraries/STM32F10x_StdPeriph_Driver/src/stm32f10x_adc.o
                                0x678 (size before relaxing)
 .debug_str     0x000012f2      0x325 ./Libraries/STM32F10x_StdPeriph_Driver/src/stm32f10x_bkp.o
                                0x532 (size before relaxing)
 .debug_str     0x00001617      0x525 ./Libraries/STM32F10x_StdPeriph_Driver/src/stm32f10x_can.o
                                0x6ab (size before relaxing)
 .debug_str     0x00001b3c      0x1ad ./Libraries/STM32F10x_StdPeriph_Driver/src/stm32f10x_cec.o
                                0x2f3 (size before relaxing)
 .debug_str     0x00001ce9       0xc3 ./Libraries/STM32F10x_StdPeriph_Driver/src/stm32f10x_crc.o
                                0x1b8 (size before relaxing)
 .debug_str     0x00001dac      0x213 ./Libraries/STM32F10x_StdPeriph_Driver/src/stm32f10x_dac.o
                                0x32c (size before relaxing)
 .debug_str     0x00001fbf       0x91 ./Libraries/STM32F10x_StdPeriph_Driver/src/stm32f10x_dbgmcu.o
                                0x184 (size before relaxing)
 .debug_str     0x00002050      0x13a ./Libraries/STM32F10x_StdPeriph_Driver/src/stm32f10x_dma.o
                                0x33e (size before relaxing)
 .debug_str     0x0000218a      0x1c0 ./Libraries/STM32F10x_StdPeriph_Driver/src/stm32f10x_exti.o
                                0x2db (size before relaxing)
 .debug_str     0x0000234a      0x420 ./Libraries/STM32F10x_StdPeriph_Driver/src/stm32f10x_flash.o
                                0x565 (size before relaxing)
 .debug_str     0x0000276a      0x5ce ./Libraries/STM32F10x_StdPeriph_Driver/src/stm32f10x_fsmc.o
                                0x701 (size before relaxing)
 .debug_str     0x00002d38      0x25a ./Libraries/STM32F10x_StdPeriph_Driver/src/stm32f10x_gpio.o
                                0x496 (size before relaxing)
 .debug_str     0x00002f92      0x41f ./Libraries/STM32F10x_StdPeriph_Driver/src/stm32f10x_i2c.o
                                0x5e3 (size before relaxing)
 .debug_str     0x000033b1       0xdb ./Libraries/STM32F10x_StdPeriph_Driver/src/stm32f10x_iwdg.o
                                0x1d9 (size before relaxing)
 .debug_str     0x0000348c      0x11b ./Libraries/STM32F10x_StdPeriph_Driver/src/stm32f10x_pwr.o
                                0x28f (size before relaxing)
 .debug_str     0x000035a7      0x513 ./Libraries/STM32F10x_StdPeriph_Driver/src/stm32f10x_rcc.o
                                0x6df (size before relaxing)
 .debug_str     0x00003aba      0x193 ./Libraries/STM32F10x_StdPeriph_Driver/src/stm32f10x_rtc.o
                                0x31f (size before relaxing)
 .debug_str     0x00003c4d      0x474 ./Libraries/STM32F10x_StdPeriph_Driver/src/stm32f10x_sdio.o
                                0x5b8 (size before relaxing)
 .debug_str     0x000040c1      0x364 ./Libraries/STM32F10x_StdPeriph_Driver/src/stm32f10x_spi.o
                                0x5c7 (size before relaxing)
 .debug_str     0x00004425      0x9c9 ./Libraries/STM32F10x_StdPeriph_Driver/src/stm32f10x_tim.o
                                0xd5a (size before relaxing)
 .debug_str     0x00004dee      0x39d ./Libraries/STM32F10x_StdPeriph_Driver/src/stm32f10x_usart.o
                                0x60d (size before relaxing)
 .debug_str     0x0000518b       0xd7 ./Libraries/STM32F10x_StdPeriph_Driver/src/stm32f10x_wwdg.o
                                0x1e5 (size before relaxing)
 .debug_str     0x00005262       0x92 ./Libraries/CMSIS/CM3/DeviceSupport/ST/STM32F10x/system_stm32f10x.o
                                0x2a4 (size before relaxing)
 .debug_str     0x000052f4      0x15a ./Libraries/CMSIS/CM3/CoreSupport/core_cm3.o
                                0x246 (size before relaxing)

.debug_loc      0x00000000     0x6fc2
 *(.debug_loc)
 .debug_loc     0x00000000       0xa8 ./Filtry.o
 .debug_loc     0x000000a8      0x152 ./Init.o
 .debug_loc     0x000001fa       0xc8 ./ObslugaPrzerwan.o
 .debug_loc     0x000002c2       0xa8 ./main.o
 .debug_loc     0x0000036a       0x2c ./Setup/vectors.o
 .debug_loc     0x00000396      0x118 ./Libraries/STM32F10x_StdPeriph_Driver/src/misc.o
 .debug_loc     0x000004ae      0x7d4 ./Libraries/STM32F10x_StdPeriph_Driver/src/stm32f10x_adc.o
 .debug_loc     0x00000c82      0x264 ./Libraries/STM32F10x_StdPeriph_Driver/src/stm32f10x_bkp.o
 .debug_loc     0x00000ee6      0x578 ./Libraries/STM32F10x_StdPeriph_Driver/src/stm32f10x_can.o
 .debug_loc     0x0000145e      0x2ec ./Libraries/STM32F10x_StdPeriph_Driver/src/stm32f10x_cec.o
 .debug_loc     0x0000174a      0x12c ./Libraries/STM32F10x_StdPeriph_Driver/src/stm32f10x_crc.o
 .debug_loc     0x00001876      0x294 ./Libraries/STM32F10x_StdPeriph_Driver/src/stm32f10x_dac.o
 .debug_loc     0x00001b0a       0x90 ./Libraries/STM32F10x_StdPeriph_Driver/src/stm32f10x_dbgmcu.o
 .debug_loc     0x00001b9a      0x268 ./Libraries/STM32F10x_StdPeriph_Driver/src/stm32f10x_dma.o
 .debug_loc     0x00001e02      0x1b4 ./Libraries/STM32F10x_StdPeriph_Driver/src/stm32f10x_exti.o
 .debug_loc     0x00001fb6      0x5d8 ./Libraries/STM32F10x_StdPeriph_Driver/src/stm32f10x_flash.o
 .debug_loc     0x0000258e      0x41c ./Libraries/STM32F10x_StdPeriph_Driver/src/stm32f10x_fsmc.o
 .debug_loc     0x000029aa      0x3e4 ./Libraries/STM32F10x_StdPeriph_Driver/src/stm32f10x_gpio.o
 .debug_loc     0x00002d8e      0x738 ./Libraries/STM32F10x_StdPeriph_Driver/src/stm32f10x_i2c.o
 .debug_loc     0x000034c6      0x138 ./Libraries/STM32F10x_StdPeriph_Driver/src/stm32f10x_iwdg.o
 .debug_loc     0x000035fe      0x238 ./Libraries/STM32F10x_StdPeriph_Driver/src/stm32f10x_pwr.o
 .debug_loc     0x00003836      0x8d4 ./Libraries/STM32F10x_StdPeriph_Driver/src/stm32f10x_rcc.o
 .debug_loc     0x0000410a      0x2e0 ./Libraries/STM32F10x_StdPeriph_Driver/src/stm32f10x_rtc.o
 .debug_loc     0x000043ea      0x648 ./Libraries/STM32F10x_StdPeriph_Driver/src/stm32f10x_sdio.o
 .debug_loc     0x00004a32      0x508 ./Libraries/STM32F10x_StdPeriph_Driver/src/stm32f10x_spi.o
 .debug_loc     0x00004f3a     0x13e8 ./Libraries/STM32F10x_StdPeriph_Driver/src/stm32f10x_tim.o
 .debug_loc     0x00006322      0x658 ./Libraries/STM32F10x_StdPeriph_Driver/src/stm32f10x_usart.o
 .debug_loc     0x0000697a      0x190 ./Libraries/STM32F10x_StdPeriph_Driver/src/stm32f10x_wwdg.o
 .debug_loc     0x00006b0a       0xc8 ./Libraries/CMSIS/CM3/DeviceSupport/ST/STM32F10x/system_stm32f10x.o
 .debug_loc     0x00006bd2      0x3f0 ./Libraries/CMSIS/CM3/CoreSupport/core_cm3.o

.debug_macinfo  0x00000000   0x74eb2a
 *(.debug_macinfo)
 .debug_macinfo
                0x00000000     0x2214 ./Filtry.o
 .debug_macinfo
                0x00002214    0x4fabd ./Init.o
 .debug_macinfo
                0x00051cd1    0x4fadc ./ObslugaPrzerwan.o
 .debug_macinfo
                0x000a17ad    0x4faf6 ./main.o
 .debug_macinfo
                0x000f12a3     0x21e2 ./Setup/vectors.o
 .debug_macinfo
                0x000f3485    0x42be4 ./Libraries/STM32F10x_StdPeriph_Driver/src/misc.o
 .debug_macinfo
                0x00136069    0x453b3 ./Libraries/STM32F10x_StdPeriph_Driver/src/stm32f10x_adc.o
 .debug_macinfo
                0x0017b41c    0x43962 ./Libraries/STM32F10x_StdPeriph_Driver/src/stm32f10x_bkp.o
 .debug_macinfo
                0x001bed7e    0x449dd ./Libraries/STM32F10x_StdPeriph_Driver/src/stm32f10x_can.o
 .debug_macinfo
                0x0020375b    0x434f8 ./Libraries/STM32F10x_StdPeriph_Driver/src/stm32f10x_cec.o
 .debug_macinfo
                0x00246c53    0x42bcd ./Libraries/STM32F10x_StdPeriph_Driver/src/stm32f10x_crc.o
 .debug_macinfo
                0x00289820    0x43d5b ./Libraries/STM32F10x_StdPeriph_Driver/src/stm32f10x_dac.o
 .debug_macinfo
                0x002cd57b    0x430a3 ./Libraries/STM32F10x_StdPeriph_Driver/src/stm32f10x_dbgmcu.o
 .debug_macinfo
                0x0031061e    0x454b3 ./Libraries/STM32F10x_StdPeriph_Driver/src/stm32f10x_dma.o
 .debug_macinfo
                0x00355ad1    0x42bdc ./Libraries/STM32F10x_StdPeriph_Driver/src/stm32f10x_exti.o
 .debug_macinfo
                0x003986ad    0x446f5 ./Libraries/STM32F10x_StdPeriph_Driver/src/stm32f10x_flash.o
 .debug_macinfo
                0x003dcda2    0x42cfd ./Libraries/STM32F10x_StdPeriph_Driver/src/stm32f10x_fsmc.o
 .debug_macinfo
                0x0041fa9f    0x42e13 ./Libraries/STM32F10x_StdPeriph_Driver/src/stm32f10x_gpio.o
 .debug_macinfo
                0x004628b2    0x44dcc ./Libraries/STM32F10x_StdPeriph_Driver/src/stm32f10x_i2c.o
 .debug_macinfo
                0x004a767e    0x42fc4 ./Libraries/STM32F10x_StdPeriph_Driver/src/stm32f10x_iwdg.o
 .debug_macinfo
                0x004ea642    0x4329b ./Libraries/STM32F10x_StdPeriph_Driver/src/stm32f10x_pwr.o
 .debug_macinfo
                0x0052d8dd    0x435e0 ./Libraries/STM32F10x_StdPeriph_Driver/src/stm32f10x_rcc.o
 .debug_macinfo
                0x00570ebd    0x42ef7 ./Libraries/STM32F10x_StdPeriph_Driver/src/stm32f10x_rtc.o
 .debug_macinfo
                0x005b3db4    0x4522d ./Libraries/STM32F10x_StdPeriph_Driver/src/stm32f10x_sdio.o
 .debug_macinfo
                0x005f8fe1    0x42e37 ./Libraries/STM32F10x_StdPeriph_Driver/src/stm32f10x_spi.o
 .debug_macinfo
                0x0063be18    0x477b1 ./Libraries/STM32F10x_StdPeriph_Driver/src/stm32f10x_tim.o
 .debug_macinfo
                0x006835c9    0x42fce ./Libraries/STM32F10x_StdPeriph_Driver/src/stm32f10x_usart.o
 .debug_macinfo
                0x006c6597    0x42ed3 ./Libraries/STM32F10x_StdPeriph_Driver/src/stm32f10x_wwdg.o
 .debug_macinfo
                0x0070946a    0x42be8 ./Libraries/CMSIS/CM3/DeviceSupport/ST/STM32F10x/system_stm32f10x.o
 .debug_macinfo
                0x0074c052     0x2ad8 ./Libraries/CMSIS/CM3/CoreSupport/core_cm3.o

.debug_weaknames
 *(.debug_weaknames)

.debug_funcnames
 *(.debug_funcnames)

.debug_typenames
 *(.debug_typenames)

.debug_varnames
 *(.debug_varnames)

.note.gnu.arm.ident
 *(.note.gnu.arm.ident)

.ARM.attributes
                0x00000000       0x25
 *(.ARM.attributes)
 .ARM.attributes
                0x00000000       0x19 d:/programowaniearm/codesourcery/sourcery g++ lite/bin/../lib/gcc/arm-none-eabi/4.5.2/thumb2/crti.o
 .ARM.attributes
                0x00000019       0x29 d:/programowaniearm/codesourcery/sourcery g++ lite/bin/../lib/gcc/arm-none-eabi/4.5.2/thumb2/crtbegin.o
 .ARM.attributes
                0x00000042       0x31 ./Filtry.o
 .ARM.attributes
                0x00000073       0x31 ./Init.o
 .ARM.attributes
                0x000000a4       0x31 ./ObslugaPrzerwan.o
 .ARM.attributes
                0x000000d5       0x31 ./main.o
 .ARM.attributes
                0x00000106       0x21 ./Setup/startup.o
 .ARM.attributes
                0x00000127       0x31 ./Setup/vectors.o
 .ARM.attributes
                0x00000158       0x31 ./Libraries/STM32F10x_StdPeriph_Driver/src/misc.o
 .ARM.attributes
                0x00000189       0x31 ./Libraries/STM32F10x_StdPeriph_Driver/src/stm32f10x_adc.o
 .ARM.attributes
                0x000001ba       0x31 ./Libraries/STM32F10x_StdPeriph_Driver/src/stm32f10x_bkp.o
 .ARM.attributes
                0x000001eb       0x31 ./Libraries/STM32F10x_StdPeriph_Driver/src/stm32f10x_can.o
 .ARM.attributes
                0x0000021c       0x31 ./Libraries/STM32F10x_StdPeriph_Driver/src/stm32f10x_cec.o
 .ARM.attributes
                0x0000024d       0x31 ./Libraries/STM32F10x_StdPeriph_Driver/src/stm32f10x_crc.o
 .ARM.attributes
                0x0000027e       0x31 ./Libraries/STM32F10x_StdPeriph_Driver/src/stm32f10x_dac.o
 .ARM.attributes
                0x000002af       0x31 ./Libraries/STM32F10x_StdPeriph_Driver/src/stm32f10x_dbgmcu.o
 .ARM.attributes
                0x000002e0       0x31 ./Libraries/STM32F10x_StdPeriph_Driver/src/stm32f10x_dma.o
 .ARM.attributes
                0x00000311       0x31 ./Libraries/STM32F10x_StdPeriph_Driver/src/stm32f10x_exti.o
 .ARM.attributes
                0x00000342       0x31 ./Libraries/STM32F10x_StdPeriph_Driver/src/stm32f10x_flash.o
 .ARM.attributes
                0x00000373       0x31 ./Libraries/STM32F10x_StdPeriph_Driver/src/stm32f10x_fsmc.o
 .ARM.attributes
                0x000003a4       0x31 ./Libraries/STM32F10x_StdPeriph_Driver/src/stm32f10x_gpio.o
 .ARM.attributes
                0x000003d5       0x31 ./Libraries/STM32F10x_StdPeriph_Driver/src/stm32f10x_i2c.o
 .ARM.attributes
                0x00000406       0x31 ./Libraries/STM32F10x_StdPeriph_Driver/src/stm32f10x_iwdg.o
 .ARM.attributes
                0x00000437       0x31 ./Libraries/STM32F10x_StdPeriph_Driver/src/stm32f10x_pwr.o
 .ARM.attributes
                0x00000468       0x31 ./Libraries/STM32F10x_StdPeriph_Driver/src/stm32f10x_rcc.o
 .ARM.attributes
                0x00000499       0x31 ./Libraries/STM32F10x_StdPeriph_Driver/src/stm32f10x_rtc.o
 .ARM.attributes
                0x000004ca       0x31 ./Libraries/STM32F10x_StdPeriph_Driver/src/stm32f10x_sdio.o
 .ARM.attributes
                0x000004fb       0x31 ./Libraries/STM32F10x_StdPeriph_Driver/src/stm32f10x_spi.o
 .ARM.attributes
                0x0000052c       0x31 ./Libraries/STM32F10x_StdPeriph_Driver/src/stm32f10x_tim.o
 .ARM.attributes
                0x0000055d       0x31 ./Libraries/STM32F10x_StdPeriph_Driver/src/stm32f10x_usart.o
 .ARM.attributes
                0x0000058e       0x31 ./Libraries/STM32F10x_StdPeriph_Driver/src/stm32f10x_wwdg.o
 .ARM.attributes
                0x000005bf       0x31 ./Libraries/CMSIS/CM3/DeviceSupport/ST/STM32F10x/system_stm32f10x.o
 .ARM.attributes
                0x000005f0       0x31 ./Libraries/CMSIS/CM3/CoreSupport/core_cm3.o
 .ARM.attributes
                0x00000621       0x29 d:/programowaniearm/codesourcery/sourcery g++ lite/bin/../lib/gcc/arm-none-eabi/4.5.2/../../../../arm-none-eabi/lib/thumb2\libm.a(lib_a-w_sqrt.o)
 .ARM.attributes
                0x0000064a       0x29 d:/programowaniearm/codesourcery/sourcery g++ lite/bin/../lib/gcc/arm-none-eabi/4.5.2/../../../../arm-none-eabi/lib/thumb2\libm.a(lib_a-e_sqrt.o)
 .ARM.attributes
                0x00000673       0x29 d:/programowaniearm/codesourcery/sourcery g++ lite/bin/../lib/gcc/arm-none-eabi/4.5.2/../../../../arm-none-eabi/lib/thumb2\libm.a(lib_a-s_fpclassify.o)
 .ARM.attributes
                0x0000069c       0x29 d:/programowaniearm/codesourcery/sourcery g++ lite/bin/../lib/gcc/arm-none-eabi/4.5.2/../../../../arm-none-eabi/lib/thumb2\libm.a(lib_a-s_lib_ver.o)
 .ARM.attributes
                0x000006c5       0x29 d:/programowaniearm/codesourcery/sourcery g++ lite/bin/../lib/gcc/arm-none-eabi/4.5.2/../../../../arm-none-eabi/lib/thumb2\libm.a(lib_a-s_matherr.o)
 .ARM.attributes
                0x000006ee       0x1b d:/programowaniearm/codesourcery/sourcery g++ lite/bin/../lib/gcc/arm-none-eabi/4.5.2/thumb2\libgcc.a(_arm_addsubdf3.o)
 .ARM.attributes
                0x00000709       0x1b d:/programowaniearm/codesourcery/sourcery g++ lite/bin/../lib/gcc/arm-none-eabi/4.5.2/thumb2\libgcc.a(_arm_muldivdf3.o)
 .ARM.attributes
                0x00000724       0x1b d:/programowaniearm/codesourcery/sourcery g++ lite/bin/../lib/gcc/arm-none-eabi/4.5.2/thumb2\libgcc.a(_arm_cmpdf2.o)
 .ARM.attributes
                0x0000073f       0x1b d:/programowaniearm/codesourcery/sourcery g++ lite/bin/../lib/gcc/arm-none-eabi/4.5.2/thumb2\libgcc.a(_arm_truncdfsf2.o)
 .ARM.attributes
                0x0000075a       0x1b d:/programowaniearm/codesourcery/sourcery g++ lite/bin/../lib/gcc/arm-none-eabi/4.5.2/thumb2\libgcc.a(_arm_addsubsf3.o)
 .ARM.attributes
                0x00000775       0x1b d:/programowaniearm/codesourcery/sourcery g++ lite/bin/../lib/gcc/arm-none-eabi/4.5.2/thumb2\libgcc.a(_arm_muldivsf3.o)
 .ARM.attributes
                0x00000790       0x1b d:/programowaniearm/codesourcery/sourcery g++ lite/bin/../lib/gcc/arm-none-eabi/4.5.2/thumb2\libgcc.a(_arm_cmpsf2.o)
 .ARM.attributes
                0x000007ab       0x1b d:/programowaniearm/codesourcery/sourcery g++ lite/bin/../lib/gcc/arm-none-eabi/4.5.2/thumb2\libgcc.a(_arm_fixunssfsi.o)
 .ARM.attributes
                0x000007c6       0x29 d:/programowaniearm/codesourcery/sourcery g++ lite/bin/../lib/gcc/arm-none-eabi/4.5.2/../../../../arm-none-eabi/lib/thumb2\libc.a(lib_a-errno.o)
 .ARM.attributes
                0x000007ef       0x29 d:/programowaniearm/codesourcery/sourcery g++ lite/bin/../lib/gcc/arm-none-eabi/4.5.2/../../../../arm-none-eabi/lib/thumb2\libc.a(lib_a-impure.o)
 .ARM.attributes
                0x00000818       0x29 d:/programowaniearm/codesourcery/sourcery g++ lite/bin/../lib/gcc/arm-none-eabi/4.5.2/thumb2/crtend.o
 .ARM.attributes
                0x00000841       0x19 d:/programowaniearm/codesourcery/sourcery g++ lite/bin/../lib/gcc/arm-none-eabi/4.5.2/thumb2/crtn.o

/DISCARD/
 *(.note.GNU-stack)
                0x00003734                PROVIDE (__text_size, (__text_end - __text_start))
                0x00000110                PROVIDE (__data_size, (__data_end - __data_start))
                0x00000128                PROVIDE (__bss_size, (__bss_end - __bss_start))
                0x00000800                PROVIDE (__stack_size, (__stack_end - __stack_start))
                0x000045c8                PROVIDE (__heap_size, (__heap_end - __heap_start))
OUTPUT(STM32.elf elf32-littlearm)

.debug_ranges   0x00000000     0x1160
 .debug_ranges  0x00000000       0x20 ./Filtry.o
 .debug_ranges  0x00000020       0x38 ./Init.o
 .debug_ranges  0x00000058       0x28 ./ObslugaPrzerwan.o
 .debug_ranges  0x00000080       0x20 ./main.o
 .debug_ranges  0x000000a0       0x10 ./Setup/vectors.o
 .debug_ranges  0x000000b0       0x30 ./Libraries/STM32F10x_StdPeriph_Driver/src/misc.o
 .debug_ranges  0x000000e0      0x128 ./Libraries/STM32F10x_StdPeriph_Driver/src/stm32f10x_adc.o
 .debug_ranges  0x00000208       0x68 ./Libraries/STM32F10x_StdPeriph_Driver/src/stm32f10x_bkp.o
 .debug_ranges  0x00000270       0xd0 ./Libraries/STM32F10x_StdPeriph_Driver/src/stm32f10x_can.o
 .debug_ranges  0x00000340       0x78 ./Libraries/STM32F10x_StdPeriph_Driver/src/stm32f10x_cec.o
 .debug_ranges  0x000003b8       0x38 ./Libraries/STM32F10x_StdPeriph_Driver/src/stm32f10x_crc.o
 .debug_ranges  0x000003f0       0x68 ./Libraries/STM32F10x_StdPeriph_Driver/src/stm32f10x_dac.o
 .debug_ranges  0x00000458       0x20 ./Libraries/STM32F10x_StdPeriph_Driver/src/stm32f10x_dbgmcu.o
 .debug_ranges  0x00000478       0x60 ./Libraries/STM32F10x_StdPeriph_Driver/src/stm32f10x_dma.o
 .debug_ranges  0x000004d8       0x48 ./Libraries/STM32F10x_StdPeriph_Driver/src/stm32f10x_exti.o
 .debug_ranges  0x00000520       0xe8 ./Libraries/STM32F10x_StdPeriph_Driver/src/stm32f10x_flash.o
 .debug_ranges  0x00000608       0xa0 ./Libraries/STM32F10x_StdPeriph_Driver/src/stm32f10x_fsmc.o
 .debug_ranges  0x000006a8       0x98 ./Libraries/STM32F10x_StdPeriph_Driver/src/stm32f10x_gpio.o
 .debug_ranges  0x00000740      0x110 ./Libraries/STM32F10x_StdPeriph_Driver/src/stm32f10x_i2c.o
 .debug_ranges  0x00000850       0x38 ./Libraries/STM32F10x_StdPeriph_Driver/src/stm32f10x_iwdg.o
 .debug_ranges  0x00000888       0x60 ./Libraries/STM32F10x_StdPeriph_Driver/src/stm32f10x_pwr.o
 .debug_ranges  0x000008e8      0x150 ./Libraries/STM32F10x_StdPeriph_Driver/src/stm32f10x_rcc.o
 .debug_ranges  0x00000a38       0x78 ./Libraries/STM32F10x_StdPeriph_Driver/src/stm32f10x_rtc.o
 .debug_ranges  0x00000ab0       0xf8 ./Libraries/STM32F10x_StdPeriph_Driver/src/stm32f10x_sdio.o
 .debug_ranges  0x00000ba8       0xc0 ./Libraries/STM32F10x_StdPeriph_Driver/src/stm32f10x_spi.o
 .debug_ranges  0x00000c68      0x2e0 ./Libraries/STM32F10x_StdPeriph_Driver/src/stm32f10x_tim.o
 .debug_ranges  0x00000f48       0xf0 ./Libraries/STM32F10x_StdPeriph_Driver/src/stm32f10x_usart.o
 .debug_ranges  0x00001038       0x48 ./Libraries/STM32F10x_StdPeriph_Driver/src/stm32f10x_wwdg.o
 .debug_ranges  0x00001080       0x28 ./Libraries/CMSIS/CM3/DeviceSupport/ST/STM32F10x/system_stm32f10x.o
 .debug_ranges  0x000010a8       0xb8 ./Libraries/CMSIS/CM3/CoreSupport/core_cm3.o

.debug_pubtypes
                0x00000000     0x1169
 .debug_pubtypes
                0x00000000      0x167 ./Init.o
 .debug_pubtypes
                0x00000167       0x86 ./ObslugaPrzerwan.o
 .debug_pubtypes
                0x000001ed       0xb4 ./main.o
 .debug_pubtypes
                0x000002a1       0x80 ./Libraries/STM32F10x_StdPeriph_Driver/src/misc.o
 .debug_pubtypes
                0x00000321       0x8c ./Libraries/STM32F10x_StdPeriph_Driver/src/stm32f10x_adc.o
 .debug_pubtypes
                0x000003ad       0x78 ./Libraries/STM32F10x_StdPeriph_Driver/src/stm32f10x_bkp.o
 .debug_pubtypes
                0x00000425      0x115 ./Libraries/STM32F10x_StdPeriph_Driver/src/stm32f10x_can.o
 .debug_pubtypes
                0x0000053a       0x8c ./Libraries/STM32F10x_StdPeriph_Driver/src/stm32f10x_cec.o
 .debug_pubtypes
                0x000005c6       0x48 ./Libraries/STM32F10x_StdPeriph_Driver/src/stm32f10x_crc.o
 .debug_pubtypes
                0x0000060e       0x70 ./Libraries/STM32F10x_StdPeriph_Driver/src/stm32f10x_dac.o
 .debug_pubtypes
                0x0000067e       0x46 ./Libraries/STM32F10x_StdPeriph_Driver/src/stm32f10x_dbgmcu.o
 .debug_pubtypes
                0x000006c4       0x98 ./Libraries/STM32F10x_StdPeriph_Driver/src/stm32f10x_dma.o
 .debug_pubtypes
                0x0000075c       0xa2 ./Libraries/STM32F10x_StdPeriph_Driver/src/stm32f10x_exti.o
 .debug_pubtypes
                0x000007fe       0x8d ./Libraries/STM32F10x_StdPeriph_Driver/src/stm32f10x_flash.o
 .debug_pubtypes
                0x0000088b      0x168 ./Libraries/STM32F10x_StdPeriph_Driver/src/stm32f10x_fsmc.o
 .debug_pubtypes
                0x000009f3       0xc3 ./Libraries/STM32F10x_StdPeriph_Driver/src/stm32f10x_gpio.o
 .debug_pubtypes
                0x00000ab6       0xb2 ./Libraries/STM32F10x_StdPeriph_Driver/src/stm32f10x_i2c.o
 .debug_pubtypes
                0x00000b68       0x58 ./Libraries/STM32F10x_StdPeriph_Driver/src/stm32f10x_iwdg.o
 .debug_pubtypes
                0x00000bc0       0x78 ./Libraries/STM32F10x_StdPeriph_Driver/src/stm32f10x_pwr.o
 .debug_pubtypes
                0x00000c38       0x9e ./Libraries/STM32F10x_StdPeriph_Driver/src/stm32f10x_rcc.o
 .debug_pubtypes
                0x00000cd6       0x78 ./Libraries/STM32F10x_StdPeriph_Driver/src/stm32f10x_rtc.o
 .debug_pubtypes
                0x00000d4e       0xb2 ./Libraries/STM32F10x_StdPeriph_Driver/src/stm32f10x_sdio.o
 .debug_pubtypes
                0x00000e00       0xc6 ./Libraries/STM32F10x_StdPeriph_Driver/src/stm32f10x_spi.o
 .debug_pubtypes
                0x00000ec6       0xd8 ./Libraries/STM32F10x_StdPeriph_Driver/src/stm32f10x_tim.o
 .debug_pubtypes
                0x00000f9e       0xc9 ./Libraries/STM32F10x_StdPeriph_Driver/src/stm32f10x_usart.o
 .debug_pubtypes
                0x00001067       0x4b ./Libraries/STM32F10x_StdPeriph_Driver/src/stm32f10x_wwdg.o
 .debug_pubtypes
                0x000010b2       0x67 ./Libraries/CMSIS/CM3/DeviceSupport/ST/STM32F10x/system_stm32f10x.o
 .debug_pubtypes
                0x00001119       0x50 ./Libraries/CMSIS/CM3/CoreSupport/core_cm3.o
